09-06 15:31:27.748 12183 12183 I EmuShelfPerf: EVENT platform->GameCube
09-06 15:31:28.489 12183 12183 I EmuShelfPerf: PROJECTION source=26 visible=26 background=False prepareMs=2.2 publishMs=43.8
09-06 15:31:44.583 12183 12183 I EmuShelfPerf: PROJECTION source=26 visible=26 background=False prepareMs=0.1 publishMs=3.6
09-06 15:31:51.420 12183 12289 I EmuShelfPerf: PERF layout=Shelf crt=off path=shelf-inline-gl sys=GameCube games=26 coverMiB=3.9 covers=8 evictions=0 decodes=12 coverSkipped=0 glfps=0 glRenderMaxMs=0.0 allocMB/s=0.0 gen0/s=0
09-06 15:31:52.421 12183 12289 I EmuShelfPerf: PERF layout=Shelf crt=off path=shelf-inline-gl sys=GameCube games=26 coverMiB=3.9 covers=8 evictions=0 decodes=12 coverSkipped=0 glfps=0 glRenderMaxMs=0.0 allocMB/s=0.0 gen0/s=0
09-06 15:31:53.421 12183 12289 I EmuShelfPerf: PERF layout=Shelf crt=off path=shelf-inline-gl sys=GameCube games=26 coverMiB=3.9 covers=8 evictions=0 decodes=12 coverSkipped=0 glfps=0 glRenderMaxMs=0.0 allocMB/s=0.0 gen0/s=0
09-06 15:31:54.417 12183 12289 I EmuShelfPerf: PERF layout=Shelf crt=off path=shelf-inline-gl sys=GameCube games=26 coverMiB=3.9 covers=8 evictions=0 decodes=12 coverSkipped=0 glfps=0 glRenderMaxMs=0.0 allocMB/s=0.0 gen0/s=0
09-06 15:31:55.418 12183 12289 I EmuShelfPerf: PERF layout=Shelf crt=off path=shelf-inline-gl sys=GameCube games=26 coverMiB=3.9 covers=8 evictions=0 decodes=12 coverSkipped=0 glfps=0 glRenderMaxMs=0.0 allocMB/s=0.0 gen0/s=0
09-06 15:31:56.418 12183 12289 I EmuShelfPerf: PERF layout=Shelf crt=off path=shelf-inline-gl sys=GameCube games=26 coverMiB=3.9 covers=8 evictions=0 decodes=12 coverSkipped=0 glfps=0 glRenderMaxMs=0.0 allocMB/s=0.0 gen0/s=0
09-06 15:31:57.418 12183 12289 I EmuShelfPerf: PERF layout=Shelf crt=off path=shelf-inline-gl sys=GameCube games=26 coverMiB=3.9 covers=8 evictions=0 decodes=12 coverSkipped=0 glfps=0 glRenderMaxMs=0.0 allocMB/s=0.0 gen0/s=0
09-06 15:31:58.419 12183 12289 I EmuShelfPerf: PERF layout=Shelf crt=off path=shelf-inline-gl sys=GameCube games=26 coverMiB=3.9 covers=8 evictions=0 decodes=12 coverSkipped=0 glfps=0 glRenderMaxMs=0.0 allocMB/s=0.0 gen0/s=0
09-06 15:31:59.420 12183 12290 I EmuShelfPerf: PERF layout=Shelf crt=off path=shelf-inline-gl sys=GameCube games=26 coverMiB=3.9 covers=8 evictions=0 decodes=12 coverSkipped=0 glfps=0 glRenderMaxMs=0.0 allocMB/s=0.0 gen0/s=0
09-06 15:32:00.417 12183 12290 I EmuShelfPerf: PERF layout=Shelf crt=off path=shelf-inline-gl sys=GameCube games=26 coverMiB=3.9 covers=8 evictions=0 decodes=12 coverSkipped=0 glfps=0 glRenderMaxMs=0.0 allocMB/s=0.0 gen0/s=0
09-06 15:32:01.417 12183 12290 I EmuShelfPerf: PERF layout=Shelf crt=off path=shelf-inline-gl sys=GameCube games=26 coverMiB=3.9 covers=8 evictions=0 decodes=12 coverSkipped=0 glfps=0 glRenderMaxMs=0.0 allocMB/s=0.0 gen0/s=0
09-06 15:32:02.418 12183 12289 I EmuShelfPerf: PERF layout=Shelf crt=off path=shelf-inline-gl sys=GameCube games=26 coverMiB=3.9 covers=8 evictions=0 decodes=12 coverSkipped=0 glfps=0 glRenderMaxMs=0.0 allocMB/s=0.0 gen0/s=0
09-06 15:32:03.418 12183 12289 I EmuShelfPerf: PERF layout=Shelf crt=off path=shelf-inline-gl sys=GameCube games=26 coverMiB=3.9 covers=8 evictions=0 decodes=12 coverSkipped=0 glfps=0 glRenderMaxMs=0.0 allocMB/s=0.0 gen0/s=0
09-06 15:32:04.419 12183 12289 I EmuShelfPerf: PERF layout=Shelf crt=off path=shelf-inline-gl sys=GameCube games=26 coverMiB=3.9 covers=8 evictions=0 decodes=12 coverSkipped=0 glfps=0 glRenderMaxMs=0.0 allocMB/s=0.0 gen0/s=0
09-06 15:32:05.419 12183 12289 I EmuShelfPerf: PERF layout=Shelf crt=off path=shelf-inline-gl sys=GameCube games=26 coverMiB=3.9 covers=8 evictions=0 decodes=12 coverSkipped=0 glfps=0 glRenderMaxMs=0.0 allocMB/s=0.0 gen0/s=0
09-06 15:32:06.420 12183 12289 I EmuShelfPerf: PERF layout=Shelf crt=off path=shelf-inline-gl sys=GameCube games=26 coverMiB=3.9 covers=8 evictions=0 decodes=12 coverSkipped=0 glfps=0 glRenderMaxMs=0.0 allocMB/s=0.0 gen0/s=0
09-06 15:32:07.421 12183 12289 I EmuShelfPerf: PERF layout=Shelf crt=off path=shelf-inline-gl sys=GameCube games=26 coverMiB=3.9 covers=8 evictions=0 decodes=12 coverSkipped=0 glfps=0 glRenderMaxMs=0.0 allocMB/s=30.8 gen0/s=0
09-06 15:32:08.421 12183 12289 I EmuShelfPerf: PERF layout=Shelf crt=off path=shelf-inline-gl sys=GameCube games=26 coverMiB=3.9 covers=8 evictions=0 decodes=12 coverSkipped=0 glfps=0 glRenderMaxMs=0.0 allocMB/s=0.0 gen0/s=0
09-06 15:32:09.417 12183 12289 I EmuShelfPerf: PERF layout=Shelf crt=off path=shelf-inline-gl sys=GameCube games=26 coverMiB=4.3 covers=9 evictions=0 decodes=13 coverSkipped=0 glfps=37 glRenderMaxMs=32.0 allocMB/s=105.1 gen0/s=1
09-06 15:32:10.418 12183 12289 I EmuShelfPerf: PERF layout=Shelf crt=off path=shelf-inline-gl sys=GameCube games=26 coverMiB=4.3 covers=9 evictions=0 decodes=13 coverSkipped=0 glfps=13 glRenderMaxMs=11.1 allocMB/s=0.0 gen0/s=0
09-06 15:32:11.418 12183 12289 I EmuShelfPerf: PERF layout=Shelf crt=off path=shelf-inline-gl sys=GameCube games=26 coverMiB=4.3 covers=9 evictions=0 decodes=13 coverSkipped=0 glfps=16 glRenderMaxMs=12.5 allocMB/s=136.5 gen0/s=1
09-06 15:32:12.418 12183 12289 I EmuShelfPerf: PERF layout=Shelf crt=off path=shelf-inline-gl sys=GameCube games=26 coverMiB=4.3 covers=9 evictions=0 decodes=13 coverSkipped=0 glfps=55 glRenderMaxMs=33.1 allocMB/s=143.2 gen0/s=1
09-06 15:32:13.418 12183 12289 I EmuShelfPerf: PERF layout=Shelf crt=off path=shelf-inline-gl sys=GameCube games=26 coverMiB=4.3 covers=9 evictions=0 decodes=13 coverSkipped=0 glfps=50 glRenderMaxMs=32.8 allocMB/s=140.0 gen0/s=1
09-06 15:32:14.419 12183 12289 I EmuShelfPerf: PERF layout=Shelf crt=off path=shelf-inline-gl sys=GameCube games=26 coverMiB=4.3 covers=9 evictions=0 decodes=13 coverSkipped=0 glfps=0 glRenderMaxMs=0.0 allocMB/s=0.0 gen0/s=0
09-06 15:32:15.419 12183 12289 I EmuShelfPerf: PERF layout=Shelf crt=off path=shelf-inline-gl sys=GameCube games=26 coverMiB=4.3 covers=9 evictions=0 decodes=13 coverSkipped=0 glfps=0 glRenderMaxMs=0.0 allocMB/s=0.0 gen0/s=0
09-06 15:32:16.420 12183 12289 I EmuShelfPerf: PERF layout=Shelf crt=off path=shelf-inline-gl sys=GameCube games=26 coverMiB=4.3 covers=9 evictions=0 decodes=13 coverSkipped=0 glfps=0 glRenderMaxMs=0.0 allocMB/s=0.0 gen0/s=0
09-06 15:32:17.417 12183 12289 I EmuShelfPerf: PERF layout=Shelf crt=off path=shelf-inline-gl sys=GameCube games=26 coverMiB=4.3 covers=9 evictions=0 decodes=13 coverSkipped=0 glfps=0 glRenderMaxMs=0.0 allocMB/s=0.0 gen0/s=0
09-06 15:32:18.418 12183 12289 I EmuShelfPerf: PERF layout=Shelf crt=off path=shelf-inline-gl sys=GameCube games=26 coverMiB=4.3 covers=9 evictions=0 decodes=13 coverSkipped=0 glfps=0 glRenderMaxMs=0.0 allocMB/s=0.0 gen0/s=0
09-06 15:32:19.418 12183 12289 I EmuShelfPerf: PERF layout=Shelf crt=off path=shelf-inline-gl sys=GameCube games=26 coverMiB=4.3 covers=9 evictions=0 decodes=13 coverSkipped=0 glfps=0 glRenderMaxMs=0.0 allocMB/s=0.0 gen0/s=0
09-06 15:32:20.418 12183 12289 I EmuShelfPerf: PERF layout=Shelf crt=off path=shelf-inline-gl sys=GameCube games=26 coverMiB=4.3 covers=9 evictions=0 decodes=13 coverSkipped=0 glfps=0 glRenderMaxMs=0.0 allocMB/s=0.0 gen0/s=0
09-06 15:32:21.418 12183 12289 I EmuShelfPerf: PERF layout=Shelf crt=off path=shelf-inline-gl sys=GameCube games=26 coverMiB=4.3 covers=9 evictions=0 decodes=13 coverSkipped=0 glfps=0 glRenderMaxMs=0.0 allocMB/s=0.0 gen0/s=0
09-06 15:32:22.419 12183 12289 I EmuShelfPerf: PERF layout=Shelf crt=off path=shelf-inline-gl sys=GameCube games=26 coverMiB=4.3 covers=9 evictions=0 decodes=13 coverSkipped=0 glfps=0 glRenderMaxMs=0.0 allocMB/s=0.0 gen0/s=0
09-06 15:32:23.419 12183 12289 I EmuShelfPerf: PERF layout=Shelf crt=off path=shelf-inline-gl sys=GameCube games=26 coverMiB=4.3 covers=9 evictions=0 decodes=13 coverSkipped=0 glfps=0 glRenderMaxMs=0.0 allocMB/s=0.0 gen0/s=0
09-06 15:32:24.416 12183 12289 I EmuShelfPerf: PERF layout=Shelf crt=off path=shelf-inline-gl sys=GameCube games=26 coverMiB=4.3 covers=9 evictions=0 decodes=13 coverSkipped=0 glfps=0 glRenderMaxMs=0.0 allocMB/s=0.0 gen0/s=0
09-06 15:32:25.420 12183 12289 I EmuShelfPerf: PERF layout=Shelf crt=off path=shelf-inline-gl sys=GameCube games=26 coverMiB=4.3 covers=9 evictions=0 decodes=13 coverSkipped=0 glfps=0 glRenderMaxMs=0.0 allocMB/s=0.0 gen0/s=0
09-06 15:32:26.421 12183 12289 I EmuShelfPerf: PERF layout=Shelf crt=off path=shelf-inline-gl sys=GameCube games=26 coverMiB=4.3 covers=9 evictions=0 decodes=13 coverSkipped=0 glfps=0 glRenderMaxMs=0.0 allocMB/s=0.0 gen0/s=0
09-06 15:32:27.417 12183 12289 I EmuShelfPerf: PERF layout=Shelf crt=off path=shelf-inline-gl sys=GameCube games=26 coverMiB=4.3 covers=9 evictions=0 decodes=13 coverSkipped=0 glfps=0 glRenderMaxMs=0.0 allocMB/s=0.0 gen0/s=0
09-06 15:32:28.418 12183 12289 I EmuShelfPerf: PERF layout=Shelf crt=off path=shelf-inline-gl sys=GameCube games=26 coverMiB=4.3 covers=9 evictions=0 decodes=13 coverSkipped=0 glfps=0 glRenderMaxMs=0.0 allocMB/s=0.0 gen0/s=0
09-06 15:32:29.419 12183 12606 I EmuShelfPerf: PERF layout=Shelf crt=off path=shelf-inline-gl sys=GameCube games=26 coverMiB=4.3 covers=9 evictions=0 decodes=13 coverSkipped=0 glfps=0 glRenderMaxMs=0.0 allocMB/s=0.0 gen0/s=0
09-06 15:32:30.419 12183 12606 I EmuShelfPerf: PERF layout=Shelf crt=off path=shelf-inline-gl sys=GameCube games=26 coverMiB=4.3 covers=9 evictions=0 decodes=13 coverSkipped=0 glfps=0 glRenderMaxMs=0.0 allocMB/s=0.0 gen0/s=0
09-06 15:32:31.420 12183 12606 I EmuShelfPerf: PERF layout=Shelf crt=off path=shelf-inline-gl sys=GameCube games=26 coverMiB=4.3 covers=9 evictions=0 decodes=13 coverSkipped=0 glfps=0 glRenderMaxMs=0.0 allocMB/s=0.0 gen0/s=0
09-06 15:32:32.422 12183 12289 I EmuShelfPerf: PERF layout=Shelf crt=off path=shelf-inline-gl sys=GameCube games=26 coverMiB=4.3 covers=9 evictions=0 decodes=13 coverSkipped=0 glfps=0 glRenderMaxMs=0.0 allocMB/s=0.0 gen0/s=0
09-06 15:32:33.419 12183 12289 I EmuShelfPerf: PERF layout=Shelf crt=off path=shelf-inline-gl sys=GameCube games=26 coverMiB=4.3 covers=9 evictions=0 decodes=13 coverSkipped=0 glfps=0 glRenderMaxMs=0.0 allocMB/s=3.4 gen0/s=0
09-06 15:32:34.419 12183 12289 I EmuShelfPerf: PERF layout=Shelf crt=off path=shelf-inline-gl sys=GameCube games=26 coverMiB=4.3 covers=9 evictions=0 decodes=13 coverSkipped=0 glfps=0 glRenderMaxMs=0.0 allocMB/s=0.0 gen0/s=0
09-06 15:32:35.420 12183 12289 I EmuShelfPerf: PERF layout=Shelf crt=off path=shelf-inline-gl sys=GameCube games=26 coverMiB=4.3 covers=9 evictions=0 decodes=13 coverSkipped=0 glfps=0 glRenderMaxMs=0.0 allocMB/s=0.0 gen0/s=0
09-06 15:32:36.420 12183 12289 I EmuShelfPerf: PERF layout=Shelf crt=off path=shelf-inline-gl sys=GameCube games=26 coverMiB=4.3 covers=9 evictions=0 decodes=13 coverSkipped=0 glfps=0 glRenderMaxMs=0.0 allocMB/s=0.0 gen0/s=0
09-06 15:32:37.421 12183 12289 I EmuShelfPerf: PERF layout=Shelf crt=off path=shelf-inline-gl sys=GameCube games=26 coverMiB=4.3 covers=9 evictions=0 decodes=13 coverSkipped=0 glfps=0 glRenderMaxMs=0.0 allocMB/s=0.0 gen0/s=0
09-06 15:32:38.421 12183 12289 I EmuShelfPerf: PERF layout=Shelf crt=off path=shelf-inline-gl sys=GameCube games=26 coverMiB=4.3 covers=9 evictions=0 decodes=13 coverSkipped=0 glfps=0 glRenderMaxMs=0.0 allocMB/s=0.0 gen0/s=0
09-06 15:32:39.417 12183 12289 I EmuShelfPerf: PERF layout=Shelf crt=off path=shelf-inline-gl sys=GameCube games=26 coverMiB=4.3 covers=9 evictions=0 decodes=13 coverSkipped=0 glfps=0 glRenderMaxMs=0.0 allocMB/s=0.0 gen0/s=0
09-06 15:32:40.418 12183 12289 I EmuShelfPerf: PERF layout=Shelf crt=off path=shelf-inline-gl sys=GameCube games=26 coverMiB=4.3 covers=9 evictions=0 decodes=13 coverSkipped=0 glfps=0 glRenderMaxMs=0.0 allocMB/s=0.0 gen0/s=0
09-06 15:32:41.418 12183 12289 I EmuShelfPerf: PERF layout=Shelf crt=off path=shelf-inline-gl sys=GameCube games=26 coverMiB=4.3 covers=9 evictions=0 decodes=13 coverSkipped=0 glfps=0 glRenderMaxMs=0.0 allocMB/s=0.0 gen0/s=0
09-06 15:32:42.418 12183 12289 I EmuShelfPerf: PERF layout=Shelf crt=off path=shelf-inline-gl sys=GameCube games=26 coverMiB=4.3 covers=9 evictions=0 decodes=13 coverSkipped=0 glfps=0 glRenderMaxMs=0.0 allocMB/s=0.0 gen0/s=0
09-06 15:32:43.419 12183 12289 I EmuShelfPerf: PERF layout=Shelf crt=off path=shelf-inline-gl sys=GameCube games=26 coverMiB=4.3 covers=9 evictions=0 decodes=13 coverSkipped=0 glfps=0 glRenderMaxMs=0.0 allocMB/s=0.0 gen0/s=0
09-06 15:32:44.420 12183 12289 I EmuShelfPerf: PERF layout=Shelf crt=off path=shelf-inline-gl sys=GameCube games=26 coverMiB=4.3 covers=9 evictions=0 decodes=13 coverSkipped=0 glfps=0 glRenderMaxMs=0.0 allocMB/s=0.0 gen0/s=0
09-06 15:32:45.420 12183 12289 I EmuShelfPerf: PERF layout=Shelf crt=off path=shelf-inline-gl sys=GameCube games=26 coverMiB=4.3 covers=9 evictions=0 decodes=13 coverSkipped=0 glfps=0 glRenderMaxMs=0.0 allocMB/s=0.0 gen0/s=0
09-06 15:32:46.422 12183 12289 I EmuShelfPerf: PERF layout=Shelf crt=off path=shelf-inline-gl sys=GameCube games=26 coverMiB=4.3 covers=9 evictions=0 decodes=13 coverSkipped=0 glfps=0 glRenderMaxMs=0.0 allocMB/s=0.0 gen0/s=0
09-06 15:32:47.421 12183 12289 I EmuShelfPerf: PERF layout=Shelf crt=off path=shelf-inline-gl sys=GameCube games=26 coverMiB=4.3 covers=9 evictions=0 decodes=13 coverSkipped=0 glfps=0 glRenderMaxMs=0.0 allocMB/s=0.0 gen0/s=0
09-06 15:32:48.417 12183 12289 I EmuShelfPerf: PERF layout=Shelf crt=off path=shelf-inline-gl sys=GameCube games=26 coverMiB=4.3 covers=9 evictions=0 decodes=13 coverSkipped=0 glfps=0 glRenderMaxMs=0.0 allocMB/s=0.0 gen0/s=0
09-06 15:32:49.418 12183 12289 I EmuShelfPerf: PERF layout=Shelf crt=off path=shelf-inline-gl sys=GameCube games=26 coverMiB=4.3 covers=9 evictions=0 decodes=13 coverSkipped=0 glfps=0 glRenderMaxMs=0.0 allocMB/s=0.0 gen0/s=0
09-06 15:32:50.418 12183 12289 I EmuShelfPerf: PERF layout=Shelf crt=off path=shelf-inline-gl sys=GameCube games=26 coverMiB=4.3 covers=9 evictions=0 decodes=13 coverSkipped=0 glfps=0 glRenderMaxMs=0.0 allocMB/s=0.0 gen0/s=0
09-06 15:32:51.419 12183 12289 I EmuShelfPerf: PERF layout=Shelf crt=off path=shelf-inline-gl sys=GameCube games=26 coverMiB=4.3 covers=9 evictions=0 decodes=13 coverSkipped=0 glfps=0 glRenderMaxMs=0.0 allocMB/s=0.0 gen0/s=0
09-06 15:32:52.419 12183 12289 I EmuShelfPerf: PERF layout=Shelf crt=off path=shelf-inline-gl sys=GameCube games=26 coverMiB=4.3 covers=9 evictions=0 decodes=13 coverSkipped=0 glfps=0 glRenderMaxMs=0.0 allocMB/s=0.0 gen0/s=0
09-06 15:32:53.419 12183 12289 I EmuShelfPerf: PERF layout=Shelf crt=off path=shelf-inline-gl sys=GameCube games=26 coverMiB=4.3 covers=9 evictions=0 decodes=13 coverSkipped=0 glfps=0 glRenderMaxMs=0.0 allocMB/s=0.0 gen0/s=0
09-06 15:32:54.420 12183 12289 I EmuShelfPerf: PERF layout=Shelf crt=off path=shelf-inline-gl sys=GameCube games=26 coverMiB=4.3 covers=9 evictions=0 decodes=13 coverSkipped=0 glfps=0 glRenderMaxMs=0.0 allocMB/s=0.0 gen0/s=0
09-06 15:32:55.421 12183 12289 I EmuShelfPerf: PERF layout=Shelf crt=off path=shelf-inline-gl sys=GameCube games=26 coverMiB=4.3 covers=9 evictions=0 decodes=13 coverSkipped=0 glfps=0 glRenderMaxMs=0.0 allocMB/s=0.0 gen0/s=0
09-06 15:32:56.417 12183 12289 I EmuShelfPerf: PERF layout=Shelf crt=off path=shelf-inline-gl sys=GameCube games=26 coverMiB=4.3 covers=9 evictions=0 decodes=13 coverSkipped=0 glfps=0 glRenderMaxMs=0.0 allocMB/s=0.0 gen0/s=0
09-06 15:32:57.418 12183 12289 I EmuShelfPerf: PERF layout=Shelf crt=off path=shelf-inline-gl sys=GameCube games=26 coverMiB=4.3 covers=9 evictions=0 decodes=13 coverSkipped=0 glfps=0 glRenderMaxMs=0.0 allocMB/s=0.0 gen0/s=0
09-06 15:32:58.419 12183 12289 I EmuShelfPerf: PERF layout=Shelf crt=off path=shelf-inline-gl sys=GameCube games=26 coverMiB=4.3 covers=9 evictions=0 decodes=13 coverSkipped=0 glfps=0 glRenderMaxMs=0.0 allocMB/s=0.0 gen0/s=0
09-06 15:32:59.421 12183 12289 I EmuShelfPerf: PERF layout=Shelf crt=off path=shelf-inline-gl sys=GameCube games=26 coverMiB=4.3 covers=9 evictions=0 decodes=13 coverSkipped=0 glfps=0 glRenderMaxMs=0.0 allocMB/s=0.0 gen0/s=0
09-06 15:33:00.417 12183 12289 I EmuShelfPerf: PERF layout=Shelf crt=off path=shelf-inline-gl sys=GameCube games=26 coverMiB=4.3 covers=9 evictions=0 decodes=13 coverSkipped=0 glfps=0 glRenderMaxMs=0.0 allocMB/s=0.0 gen0/s=0
09-06 15:33:01.417 12183 12289 I EmuShelfPerf: PERF layout=Shelf crt=off path=shelf-inline-gl sys=GameCube games=26 coverMiB=4.3 covers=9 evictions=0 decodes=13 coverSkipped=0 glfps=0 glRenderMaxMs=0.0 allocMB/s=0.0 gen0/s=0
09-06 15:33:02.418 12183 12289 I EmuShelfPerf: PERF layout=Shelf crt=off path=shelf-inline-gl sys=GameCube games=26 coverMiB=4.3 covers=9 evictions=0 decodes=13 coverSkipped=0 glfps=0 glRenderMaxMs=0.0 allocMB/s=0.0 gen0/s=0
09-06 15:33:03.418 12183 12289 I EmuShelfPerf: PERF layout=Shelf crt=off path=shelf-inline-gl sys=GameCube games=26 coverMiB=4.3 covers=9 evictions=0 decodes=13 coverSkipped=0 glfps=0 glRenderMaxMs=0.0 allocMB/s=0.0 gen0/s=0
09-06 15:33:04.419 12183 12289 I EmuShelfPerf: PERF layout=Shelf crt=off path=shelf-inline-gl sys=GameCube games=26 coverMiB=4.3 covers=9 evictions=0 decodes=13 coverSkipped=0 glfps=0 glRenderMaxMs=0.0 allocMB/s=0.0 gen0/s=0
09-06 15:33:05.419 12183 12289 I EmuShelfPerf: PERF layout=Shelf crt=off path=shelf-inline-gl sys=GameCube games=26 coverMiB=4.3 covers=9 evictions=0 decodes=13 coverSkipped=0 glfps=0 glRenderMaxMs=0.0 allocMB/s=0.0 gen0/s=0
09-06 15:33:06.420 12183 12289 I EmuShelfPerf: PERF layout=Shelf crt=off path=shelf-inline-gl sys=GameCube games=26 coverMiB=4.3 covers=9 evictions=0 decodes=13 coverSkipped=0 glfps=0 glRenderMaxMs=0.0 allocMB/s=0.0 gen0/s=0
09-06 15:33:07.420 12183 12289 I EmuShelfPerf: PERF layout=Shelf crt=off path=shelf-inline-gl sys=GameCube games=26 coverMiB=4.3 covers=9 evictions=0 decodes=13 coverSkipped=0 glfps=0 glRenderMaxMs=0.0 allocMB/s=0.0 gen0/s=0
09-06 15:33:08.421 12183 12289 I EmuShelfPerf: PERF layout=Shelf crt=off path=shelf-inline-gl sys=GameCube games=26 coverMiB=4.3 covers=9 evictions=0 decodes=13 coverSkipped=0 glfps=0 glRenderMaxMs=0.0 allocMB/s=0.0 gen0/s=0
09-06 15:33:09.421 12183 12289 I EmuShelfPerf: PERF layout=Shelf crt=off path=shelf-inline-gl sys=GameCube games=26 coverMiB=4.3 covers=9 evictions=0 decodes=13 coverSkipped=0 glfps=0 glRenderMaxMs=0.0 allocMB/s=0.0 gen0/s=0
09-06 15:33:10.417 12183 12289 I EmuShelfPerf: PERF layout=Shelf crt=off path=shelf-inline-gl sys=GameCube games=26 coverMiB=4.3 covers=9 evictions=0 decodes=13 coverSkipped=0 glfps=0 glRenderMaxMs=0.0 allocMB/s=0.0 gen0/s=0
09-06 15:33:11.418 12183 12289 I EmuShelfPerf: PERF layout=Shelf crt=off path=shelf-inline-gl sys=GameCube games=26 coverMiB=4.3 covers=9 evictions=0 decodes=13 coverSkipped=0 glfps=0 glRenderMaxMs=0.0 allocMB/s=0.0 gen0/s=0
09-06 15:33:12.418 12183 12289 I EmuShelfPerf: PERF layout=Shelf crt=off path=shelf-inline-gl sys=GameCube games=26 coverMiB=4.3 covers=9 evictions=0 decodes=13 coverSkipped=0 glfps=0 glRenderMaxMs=0.0 allocMB/s=0.0 gen0/s=0
09-06 15:33:13.418 12183 12289 I EmuShelfPerf: PERF layout=Shelf crt=off path=shelf-inline-gl sys=GameCube games=26 coverMiB=4.3 covers=9 evictions=0 decodes=13 coverSkipped=0 glfps=0 glRenderMaxMs=0.0 allocMB/s=0.0 gen0/s=0
09-06 15:33:14.419 12183 12289 I EmuShelfPerf: PERF layout=Shelf crt=off path=shelf-inline-gl sys=GameCube games=26 coverMiB=4.3 covers=9 evictions=0 decodes=13 coverSkipped=0 glfps=0 glRenderMaxMs=0.0 allocMB/s=0.0 gen0/s=0
09-06 15:33:15.419 12183 12289 I EmuShelfPerf: PERF layout=Shelf crt=off path=shelf-inline-gl sys=GameCube games=26 coverMiB=4.3 covers=9 evictions=0 decodes=13 coverSkipped=0 glfps=0 glRenderMaxMs=0.0 allocMB/s=0.0 gen0/s=0
09-06 15:33:16.420 12183 12289 I EmuShelfPerf: PERF layout=Shelf crt=off path=shelf-inline-gl sys=GameCube games=26 coverMiB=4.3 covers=9 evictions=0 decodes=13 coverSkipped=0 glfps=0 glRenderMaxMs=0.0 allocMB/s=0.0 gen0/s=0
09-06 15:33:17.421 12183 12289 I EmuShelfPerf: PERF layout=Shelf crt=off path=shelf-inline-gl sys=GameCube games=26 coverMiB=4.3 covers=9 evictions=0 decodes=13 coverSkipped=0 glfps=0 glRenderMaxMs=0.0 allocMB/s=0.0 gen0/s=0
09-06 15:33:18.417 12183 12289 I EmuShelfPerf: PERF layout=Shelf crt=off path=shelf-inline-gl sys=GameCube games=26 coverMiB=4.3 covers=9 evictions=0 decodes=13 coverSkipped=0 glfps=0 glRenderMaxMs=0.0 allocMB/s=0.0 gen0/s=0
09-06 15:33:19.418 12183 12289 I EmuShelfPerf: PERF layout=Shelf crt=off path=shelf-inline-gl sys=GameCube games=26 coverMiB=4.3 covers=9 evictions=0 decodes=13 coverSkipped=0 glfps=0 glRenderMaxMs=0.0 allocMB/s=0.0 gen0/s=0
09-06 15:33:20.418 12183 12606 I EmuShelfPerf: PERF layout=Shelf crt=off path=shelf-inline-gl sys=GameCube games=26 coverMiB=4.3 covers=9 evictions=0 decodes=13 coverSkipped=0 glfps=0 glRenderMaxMs=0.0 allocMB/s=0.0 gen0/s=0
09-06 15:33:21.419 12183 12606 I EmuShelfPerf: PERF layout=Shelf crt=off path=shelf-inline-gl sys=GameCube games=26 coverMiB=4.3 covers=9 evictions=0 decodes=13 coverSkipped=0 glfps=0 glRenderMaxMs=0.0 allocMB/s=0.0 gen0/s=0
09-06 15:33:22.419 12183 12606 I EmuShelfPerf: PERF layout=Shelf crt=off path=shelf-inline-gl sys=GameCube games=26 coverMiB=4.3 covers=9 evictions=0 decodes=13 coverSkipped=0 glfps=0 glRenderMaxMs=0.0 allocMB/s=0.0 gen0/s=0
09-06 15:33:23.419 12183 12289 I EmuShelfPerf: PERF layout=Grid crt=off path=grid sys=GameCube games=26 coverMiB=9.6 covers=20 evictions=0 decodes=24 coverSkipped=0 glfps=0 glRenderMaxMs=0.0 allocMB/s=110.6 gen0/s=1
09-06 15:33:24.420 12183 12289 I EmuShelfPerf: PERF layout=Grid crt=off path=grid sys=GameCube games=26 coverMiB=9.6 covers=20 evictions=0 decodes=24 coverSkipped=0 glfps=0 glRenderMaxMs=0.0 allocMB/s=0.0 gen0/s=0
09-06 15:33:25.421 12183 12289 I EmuShelfPerf: PERF layout=Grid crt=off path=grid sys=GameCube games=26 coverMiB=9.6 covers=20 evictions=0 decodes=24 coverSkipped=0 glfps=0 glRenderMaxMs=0.0 allocMB/s=0.0 gen0/s=0
09-06 15:33:26.418 12183 12289 I EmuShelfPerf: PERF layout=Grid crt=off path=grid sys=GameCube games=26 coverMiB=9.6 covers=20 evictions=0 decodes=24 coverSkipped=0 glfps=0 glRenderMaxMs=0.0 allocMB/s=0.0 gen0/s=0
09-06 15:33:27.419 12183 12289 I EmuShelfPerf: PERF layout=Grid crt=off path=grid sys=GameCube games=26 coverMiB=9.6 covers=20 evictions=0 decodes=24 coverSkipped=0 glfps=0 glRenderMaxMs=0.0 allocMB/s=0.0 gen0/s=0
09-06 15:33:28.419 12183 12289 I EmuShelfPerf: PERF layout=Grid crt=off path=grid sys=GameCube games=26 coverMiB=9.6 covers=20 evictions=0 decodes=24 coverSkipped=0 glfps=0 glRenderMaxMs=0.0 allocMB/s=0.0 gen0/s=0
09-06 15:33:29.420 12183 12289 I EmuShelfPerf: PERF layout=Grid crt=off path=grid sys=GameCube games=26 coverMiB=9.6 covers=20 evictions=0 decodes=24 coverSkipped=0 glfps=0 glRenderMaxMs=0.0 allocMB/s=0.0 gen0/s=0
09-06 15:33:30.420 12183 12289 I EmuShelfPerf: PERF layout=Grid crt=off path=grid sys=GameCube games=26 coverMiB=9.6 covers=20 evictions=0 decodes=24 coverSkipped=0 glfps=0 glRenderMaxMs=0.0 allocMB/s=0.0 gen0/s=0
09-06 15:33:31.420 12183 12289 I EmuShelfPerf: PERF layout=Grid crt=off path=grid sys=GameCube games=26 coverMiB=9.6 covers=20 evictions=0 decodes=24 coverSkipped=0 glfps=0 glRenderMaxMs=0.0 allocMB/s=0.0 gen0/s=0
09-06 15:33:32.421 12183 12289 I EmuShelfPerf: PERF layout=Grid crt=off path=grid sys=GameCube games=26 coverMiB=9.6 covers=20 evictions=0 decodes=24 coverSkipped=0 glfps=0 glRenderMaxMs=0.0 allocMB/s=0.0 gen0/s=0
09-06 15:33:33.417 12183 12289 I EmuShelfPerf: PERF layout=Grid crt=off path=grid sys=GameCube games=26 coverMiB=9.6 covers=20 evictions=0 decodes=24 coverSkipped=0 glfps=0 glRenderMaxMs=0.0 allocMB/s=0.0 gen0/s=0
09-06 15:33:34.418 12183 12289 I EmuShelfPerf: PERF layout=Grid crt=off path=grid sys=GameCube games=26 coverMiB=9.6 covers=20 evictions=0 decodes=24 coverSkipped=0 glfps=0 glRenderMaxMs=0.0 allocMB/s=0.0 gen0/s=0
09-06 15:33:35.418 12183 13280 I EmuShelfPerf: PERF layout=Grid crt=off path=grid sys=GameCube games=26 coverMiB=9.6 covers=20 evictions=0 decodes=24 coverSkipped=0 glfps=0 glRenderMaxMs=0.0 allocMB/s=0.0 gen0/s=0
09-06 15:33:36.419 12183 13280 I EmuShelfPerf: PERF layout=Grid crt=off path=grid sys=GameCube games=26 coverMiB=9.6 covers=20 evictions=0 decodes=24 coverSkipped=0 glfps=0 glRenderMaxMs=0.0 allocMB/s=0.0 gen0/s=0
09-06 15:33:37.419 12183 13280 I EmuShelfPerf: PERF layout=Grid crt=off path=grid sys=GameCube games=26 coverMiB=9.6 covers=20 evictions=0 decodes=24 coverSkipped=0 glfps=0 glRenderMaxMs=0.0 allocMB/s=0.0 gen0/s=0
09-06 15:33:38.420 12183 13280 I EmuShelfPerf: PERF layout=Grid crt=off path=grid sys=GameCube games=26 coverMiB=9.6 covers=20 evictions=0 decodes=24 coverSkipped=0 glfps=0 glRenderMaxMs=0.0 allocMB/s=0.0 gen0/s=0
09-06 15:33:39.420 12183 13280 I EmuShelfPerf: PERF layout=Grid crt=off path=grid sys=GameCube games=26 coverMiB=9.6 covers=20 evictions=0 decodes=24 coverSkipped=0 glfps=0 glRenderMaxMs=0.0 allocMB/s=0.0 gen0/s=0
09-06 15:33:40.421 12183 13280 I EmuShelfPerf: PERF layout=Grid crt=off path=grid sys=GameCube games=26 coverMiB=9.6 covers=20 evictions=0 decodes=24 coverSkipped=0 glfps=0 glRenderMaxMs=0.0 allocMB/s=0.0 gen0/s=0
09-06 15:33:41.418 12183 13280 I EmuShelfPerf: PERF layout=Grid crt=off path=grid sys=GameCube games=26 coverMiB=9.6 covers=20 evictions=0 decodes=24 coverSkipped=0 glfps=0 glRenderMaxMs=0.0 allocMB/s=0.0 gen0/s=0
09-06 15:33:42.418 12183 13280 I EmuShelfPerf: PERF layout=Grid crt=off path=grid sys=GameCube games=26 coverMiB=9.6 covers=20 evictions=0 decodes=24 coverSkipped=0 glfps=0 glRenderMaxMs=0.0 allocMB/s=0.0 gen0/s=0
09-06 15:33:43.419 12183 13280 I EmuShelfPerf: PERF layout=Grid crt=off path=grid sys=GameCube games=26 coverMiB=9.6 covers=20 evictions=0 decodes=24 coverSkipped=0 glfps=0 glRenderMaxMs=0.0 allocMB/s=1.1 gen0/s=0
09-06 15:33:44.419 12183 13280 I EmuShelfPerf: PERF layout=Grid crt=off path=grid sys=GameCube games=26 coverMiB=9.6 covers=20 evictions=0 decodes=24 coverSkipped=0 glfps=0 glRenderMaxMs=0.0 allocMB/s=0.0 gen0/s=0
09-06 15:33:45.416 12183 13280 I EmuShelfPerf: PERF layout=Grid crt=off path=grid sys=GameCube games=26 coverMiB=9.6 covers=20 evictions=0 decodes=24 coverSkipped=0 glfps=0 glRenderMaxMs=0.0 allocMB/s=0.0 gen0/s=0
09-06 15:33:46.420 12183 13280 I EmuShelfPerf: PERF layout=Grid crt=off path=grid sys=GameCube games=26 coverMiB=9.6 covers=20 evictions=0 decodes=24 coverSkipped=0 glfps=0 glRenderMaxMs=0.0 allocMB/s=0.0 gen0/s=0
09-06 15:33:47.421 12183 13280 I EmuShelfPerf: PERF layout=Grid crt=off path=grid sys=GameCube games=26 coverMiB=9.6 covers=20 evictions=0 decodes=24 coverSkipped=0 glfps=0 glRenderMaxMs=0.0 allocMB/s=0.0 gen0/s=0
09-06 15:33:48.417 12183 13280 I EmuShelfPerf: PERF layout=Grid crt=off path=grid sys=GameCube games=26 coverMiB=9.6 covers=20 evictions=0 decodes=24 coverSkipped=0 glfps=0 glRenderMaxMs=0.0 allocMB/s=0.0 gen0/s=0
09-06 15:33:49.418 12183 13280 I EmuShelfPerf: PERF layout=Grid crt=off path=grid sys=GameCube games=26 coverMiB=9.6 covers=20 evictions=0 decodes=24 coverSkipped=0 glfps=0 glRenderMaxMs=0.0 allocMB/s=0.0 gen0/s=0
09-06 15:33:50.419 12183 13280 I EmuShelfPerf: PERF layout=Grid crt=off path=grid sys=GameCube games=26 coverMiB=9.6 covers=20 evictions=0 decodes=24 coverSkipped=0 glfps=0 glRenderMaxMs=0.0 allocMB/s=0.0 gen0/s=0
09-06 15:33:51.419 12183 13280 I EmuShelfPerf: PERF layout=Grid crt=off path=grid sys=GameCube games=26 coverMiB=9.6 covers=20 evictions=0 decodes=24 coverSkipped=0 glfps=0 glRenderMaxMs=0.0 allocMB/s=0.0 gen0/s=0
09-06 15:33:52.420 12183 13280 I EmuShelfPerf: PERF layout=Grid crt=off path=grid sys=GameCube games=26 coverMiB=9.6 covers=20 evictions=0 decodes=24 coverSkipped=0 glfps=0 glRenderMaxMs=0.0 allocMB/s=0.0 gen0/s=0
09-06 15:33:53.421 12183 13280 I EmuShelfPerf: PERF layout=Grid crt=off path=grid sys=GameCube games=26 coverMiB=9.6 covers=20 evictions=0 decodes=24 coverSkipped=0 glfps=0 glRenderMaxMs=0.0 allocMB/s=0.0 gen0/s=0
09-06 15:33:54.417 12183 13280 I EmuShelfPerf: PERF layout=Grid crt=off path=grid sys=GameCube games=26 coverMiB=9.6 covers=20 evictions=0 decodes=24 coverSkipped=0 glfps=0 glRenderMaxMs=0.0 allocMB/s=0.0 gen0/s=0
09-06 15:33:55.417 12183 13280 I EmuShelfPerf: PERF layout=Grid crt=off path=grid sys=GameCube games=26 coverMiB=9.6 covers=20 evictions=0 decodes=24 coverSkipped=0 glfps=0 glRenderMaxMs=0.0 allocMB/s=0.0 gen0/s=0
09-06 15:33:56.418 12183 13280 I EmuShelfPerf: PERF layout=Grid crt=off path=grid sys=GameCube games=26 coverMiB=9.6 covers=20 evictions=0 decodes=24 coverSkipped=0 glfps=0 glRenderMaxMs=0.0 allocMB/s=0.0 gen0/s=0
09-06 15:33:57.418 12183 13280 I EmuShelfPerf: PERF layout=Grid crt=off path=grid sys=GameCube games=26 coverMiB=9.6 covers=20 evictions=0 decodes=24 coverSkipped=0 glfps=0 glRenderMaxMs=0.0 allocMB/s=0.0 gen0/s=0
09-06 15:33:58.419 12183 13280 I EmuShelfPerf: PERF layout=Grid crt=off path=grid sys=GameCube games=26 coverMiB=9.6 covers=20 evictions=0 decodes=24 coverSkipped=0 glfps=0 glRenderMaxMs=0.0 allocMB/s=0.0 gen0/s=0
09-06 15:33:59.419 12183 13280 I EmuShelfPerf: PERF layout=Grid crt=off path=grid sys=GameCube games=26 coverMiB=9.6 covers=20 evictions=0 decodes=24 coverSkipped=0 glfps=0 glRenderMaxMs=0.0 allocMB/s=0.0 gen0/s=0
09-06 15:34:00.420 12183 13280 I EmuShelfPerf: PERF layout=Grid crt=off path=grid sys=GameCube games=26 coverMiB=9.6 covers=20 evictions=0 decodes=24 coverSkipped=0 glfps=0 glRenderMaxMs=0.0 allocMB/s=0.0 gen0/s=0
09-06 15:34:01.420 12183 13280 I EmuShelfPerf: PERF layout=Grid crt=off path=grid sys=GameCube games=26 coverMiB=9.6 covers=20 evictions=0 decodes=24 coverSkipped=0 glfps=0 glRenderMaxMs=0.0 allocMB/s=0.0 gen0/s=0
09-06 15:34:01.801 12183 12183 I EmuShelfPerf: PROJECTION source=26 visible=26 background=False prepareMs=0.4 publishMs=15.9
09-06 15:34:01.847 12183 12183 I EmuShelfPerf: PROJECTION source=26 visible=26 background=False prepareMs=0.3 publishMs=11.1
09-06 15:34:01.867 12183 12183 I EmuShelfPerf: PROJECTION source=26 visible=26 background=False prepareMs=0.1 publishMs=8.9
09-06 15:34:01.896 12183 12183 I EmuShelfPerf: EVENT platform->Game Boy Advance
09-06 15:34:01.902 12183 12183 I EmuShelfPerf: EVENT platform->Game Boy Color
09-06 15:34:01.905 12183 12183 I EmuShelfPerf: EVENT platform->Super Nintendo
09-06 15:34:01.908 12183 12183 I EmuShelfPerf: EVENT platform->Nintendo Entertainment System
09-06 15:34:01.913 12183 12183 I EmuShelfPerf: EVENT platform->(scope)
09-06 15:34:01.988 12183 12183 I EmuShelfPerf: PROJECTION source=106 visible=106 background=False prepareMs=0.1 publishMs=31.6
09-06 15:34:02.211 12183 12183 I EmuShelfPerf: PROJECTION source=975 visible=975 background=True prepareMs=4.9 publishMs=28.0
09-06 15:34:02.420 12183 13280 I EmuShelfPerf: PERF layout=Grid crt=off path=grid sys=AllGames games=975 coverMiB=26.0 covers=63 evictions=0 decodes=67 coverSkipped=0 glfps=0 glRenderMaxMs=0.0 allocMB/s=0.0 gen0/s=0
09-06 15:34:03.422 12183 12289 I EmuShelfPerf: PERF layout=Grid crt=off path=grid sys=AllGames games=975 coverMiB=26.0 covers=63 evictions=0 decodes=67 coverSkipped=0 glfps=0 glRenderMaxMs=0.0 allocMB/s=0.0 gen0/s=0
09-06 15:34:04.418 12183 13280 I EmuShelfPerf: PERF layout=Grid crt=off path=grid sys=AllGames games=975 coverMiB=26.0 covers=63 evictions=0 decodes=67 coverSkipped=0 glfps=0 glRenderMaxMs=0.0 allocMB/s=0.0 gen0/s=0
09-06 15:34:05.419 12183 12289 I EmuShelfPerf: PERF layout=Grid crt=off path=grid sys=AllGames games=975 coverMiB=26.0 covers=63 evictions=0 decodes=67 coverSkipped=0 glfps=0 glRenderMaxMs=0.0 allocMB/s=0.0 gen0/s=0
09-06 15:34:06.419 12183 13280 I EmuShelfPerf: PERF layout=Grid crt=off path=grid sys=AllGames games=975 coverMiB=26.0 covers=63 evictions=0 decodes=67 coverSkipped=0 glfps=0 glRenderMaxMs=0.0 allocMB/s=0.0 gen0/s=0
09-06 15:34:07.419 12183 13280 I EmuShelfPerf: PERF layout=Grid crt=off path=grid sys=AllGames games=975 coverMiB=26.0 covers=63 evictions=0 decodes=67 coverSkipped=0 glfps=0 glRenderMaxMs=0.0 allocMB/s=0.0 gen0/s=0
09-06 15:34:08.420 12183 13280 I EmuShelfPerf: PERF layout=Grid crt=off path=grid sys=AllGames games=975 coverMiB=26.0 covers=63 evictions=0 decodes=67 coverSkipped=0 glfps=0 glRenderMaxMs=0.0 allocMB/s=0.0 gen0/s=0
09-06 15:34:09.421 12183 13280 I EmuShelfPerf: PERF layout=Grid crt=off path=grid sys=AllGames games=975 coverMiB=26.0 covers=63 evictions=0 decodes=67 coverSkipped=0 glfps=0 glRenderMaxMs=0.0 allocMB/s=0.0 gen0/s=0
09-06 15:34:10.417 12183 13280 I EmuShelfPerf: PERF layout=Grid crt=off path=grid sys=AllGames games=975 coverMiB=26.0 covers=63 evictions=0 decodes=67 coverSkipped=0 glfps=0 glRenderMaxMs=0.0 allocMB/s=0.0 gen0/s=0
09-06 15:34:11.418 12183 13280 I EmuShelfPerf: PERF layout=Grid crt=off path=grid sys=AllGames games=975 coverMiB=26.0 covers=63 evictions=0 decodes=67 coverSkipped=0 glfps=0 glRenderMaxMs=0.0 allocMB/s=0.0 gen0/s=0
09-06 15:34:12.418 12183 13280 I EmuShelfPerf: PERF layout=Grid crt=off path=grid sys=AllGames games=975 coverMiB=26.0 covers=63 evictions=0 decodes=67 coverSkipped=0 glfps=0 glRenderMaxMs=0.0 allocMB/s=0.0 gen0/s=0
09-06 15:34:13.419 12183 13280 I EmuShelfPerf: PERF layout=Grid crt=off path=grid sys=AllGames games=975 coverMiB=26.0 covers=63 evictions=0 decodes=67 coverSkipped=0 glfps=0 glRenderMaxMs=0.0 allocMB/s=0.0 gen0/s=0
09-06 15:34:14.419 12183 13280 I EmuShelfPerf: PERF layout=Grid crt=off path=grid sys=AllGames games=975 coverMiB=26.0 covers=63 evictions=0 decodes=67 coverSkipped=0 glfps=0 glRenderMaxMs=0.0 allocMB/s=0.0 gen0/s=0
09-06 15:34:15.420 12183 13280 I EmuShelfPerf: PERF layout=Grid crt=off path=grid sys=AllGames games=975 coverMiB=26.0 covers=63 evictions=0 decodes=67 coverSkipped=0 glfps=0 glRenderMaxMs=0.0 allocMB/s=0.0 gen0/s=0
09-06 15:34:16.420 12183 13280 I EmuShelfPerf: PERF layout=Grid crt=off path=grid sys=AllGames games=975 coverMiB=26.0 covers=63 evictions=0 decodes=67 coverSkipped=0 glfps=0 glRenderMaxMs=0.0 allocMB/s=0.0 gen0/s=0
09-06 15:34:17.421 12183 13280 I EmuShelfPerf: PERF layout=Grid crt=off path=grid sys=AllGames games=975 coverMiB=26.0 covers=63 evictions=0 decodes=67 coverSkipped=0 glfps=0 glRenderMaxMs=0.0 allocMB/s=0.0 gen0/s=0
09-06 15:34:18.417 12183 13280 I EmuShelfPerf: PERF layout=Grid crt=off path=grid sys=AllGames games=975 coverMiB=26.0 covers=63 evictions=0 decodes=67 coverSkipped=0 glfps=0 glRenderMaxMs=0.0 allocMB/s=0.0 gen0/s=0
09-06 15:34:19.417 12183 13280 I EmuShelfPerf: PERF layout=Grid crt=off path=grid sys=AllGames games=975 coverMiB=26.0 covers=63 evictions=0 decodes=67 coverSkipped=0 glfps=0 glRenderMaxMs=0.0 allocMB/s=0.0 gen0/s=0
09-06 15:34:20.417 12183 13280 I EmuShelfPerf: PERF layout=Grid crt=off path=grid sys=AllGames games=975 coverMiB=26.0 covers=63 evictions=0 decodes=67 coverSkipped=0 glfps=0 glRenderMaxMs=0.0 allocMB/s=0.0 gen0/s=0
09-06 15:34:21.418 12183 13280 I EmuShelfPerf: PERF layout=Grid crt=off path=grid sys=AllGames games=975 coverMiB=26.0 covers=63 evictions=0 decodes=67 coverSkipped=0 glfps=0 glRenderMaxMs=0.0 allocMB/s=0.0 gen0/s=0
09-06 15:34:22.418 12183 13280 I EmuShelfPerf: PERF layout=Grid crt=off path=grid sys=AllGames games=975 coverMiB=26.0 covers=63 evictions=0 decodes=67 coverSkipped=0 glfps=0 glRenderMaxMs=0.0 allocMB/s=3.0 gen0/s=0
09-06 15:34:23.419 12183 13280 I EmuShelfPerf: PERF layout=Grid crt=off path=grid sys=AllGames games=975 coverMiB=26.0 covers=63 evictions=0 decodes=67 coverSkipped=0 glfps=0 glRenderMaxMs=0.0 allocMB/s=0.0 gen0/s=0
09-06 15:34:24.419 12183 13280 I EmuShelfPerf: PERF layout=Grid crt=off path=grid sys=AllGames games=975 coverMiB=26.0 covers=63 evictions=0 decodes=67 coverSkipped=0 glfps=0 glRenderMaxMs=0.0 allocMB/s=0.0 gen0/s=0
09-06 15:34:25.420 12183 13280 I EmuShelfPerf: PERF layout=Grid crt=off path=grid sys=AllGames games=975 coverMiB=26.0 covers=63 evictions=0 decodes=67 coverSkipped=0 glfps=0 glRenderMaxMs=0.0 allocMB/s=0.4 gen0/s=0
09-06 15:34:26.420 12183 13280 I EmuShelfPerf: PERF layout=Grid crt=off path=grid sys=AllGames games=975 coverMiB=26.0 covers=63 evictions=0 decodes=67 coverSkipped=0 glfps=0 glRenderMaxMs=0.0 allocMB/s=0.0 gen0/s=0
09-06 15:34:27.421 12183 13280 I EmuShelfPerf: PERF layout=Grid crt=off path=grid sys=AllGames games=975 coverMiB=26.0 covers=63 evictions=0 decodes=67 coverSkipped=0 glfps=0 glRenderMaxMs=0.0 allocMB/s=0.0 gen0/s=0
09-06 15:34:28.421 12183 13280 I EmuShelfPerf: PERF layout=Grid crt=off path=grid sys=AllGames games=975 coverMiB=26.0 covers=63 evictions=0 decodes=67 coverSkipped=0 glfps=0 glRenderMaxMs=0.0 allocMB/s=0.0 gen0/s=0
09-06 15:34:29.417 12183 13280 I EmuShelfPerf: PERF layout=Grid crt=off path=grid sys=AllGames games=975 coverMiB=26.0 covers=63 evictions=0 decodes=67 coverSkipped=0 glfps=0 glRenderMaxMs=0.0 allocMB/s=0.0 gen0/s=0
09-06 15:34:30.418 12183 13280 I EmuShelfPerf: PERF layout=Grid crt=off path=grid sys=AllGames games=975 coverMiB=26.0 covers=63 evictions=0 decodes=67 coverSkipped=0 glfps=0 glRenderMaxMs=0.0 allocMB/s=0.0 gen0/s=0
09-06 15:34:31.418 12183 13280 I EmuShelfPerf: PERF layout=Grid crt=off path=grid sys=AllGames games=975 coverMiB=26.0 covers=63 evictions=0 decodes=67 coverSkipped=0 glfps=0 glRenderMaxMs=0.0 allocMB/s=0.0 gen0/s=0
09-06 15:34:32.418 12183 13280 I EmuShelfPerf: PERF layout=Grid crt=off path=grid sys=AllGames games=975 coverMiB=26.0 covers=63 evictions=0 decodes=67 coverSkipped=0 glfps=0 glRenderMaxMs=0.0 allocMB/s=0.0 gen0/s=0
09-06 15:34:33.419 12183 13280 I EmuShelfPerf: PERF layout=Grid crt=off path=grid sys=AllGames games=975 coverMiB=26.0 covers=63 evictions=0 decodes=67 coverSkipped=0 glfps=0 glRenderMaxMs=0.0 allocMB/s=0.0 gen0/s=0
09-06 15:34:34.422 12183 13837 I EmuShelfPerf: PERF layout=Grid crt=off path=grid sys=AllGames games=975 coverMiB=30.0 covers=72 evictions=0 decodes=76 coverSkipped=0 glfps=0 glRenderMaxMs=0.0 allocMB/s=0.0 gen0/s=0
09-06 15:34:35.419 12183 13858 I EmuShelfPerf: PERF layout=Grid crt=off path=grid sys=AllGames games=975 coverMiB=37.4 covers=92 evictions=0 decodes=96 coverSkipped=0 glfps=0 glRenderMaxMs=0.0 allocMB/s=36.3 gen0/s=1
09-06 15:34:36.419 12183 12289 I EmuShelfPerf: PERF layout=Grid crt=off path=grid sys=AllGames games=975 coverMiB=48.7 covers=119 evictions=0 decodes=123 coverSkipped=0 glfps=0 glRenderMaxMs=0.0 allocMB/s=0.0 gen0/s=0
09-06 15:34:37.419 12183 13280 I EmuShelfPerf: PERF layout=Grid crt=off path=grid sys=AllGames games=975 coverMiB=58.2 covers=142 evictions=0 decodes=146 coverSkipped=0 glfps=0 glRenderMaxMs=0.0 allocMB/s=0.0 gen0/s=0
09-06 15:34:38.419 12183 13835 I EmuShelfPerf: PERF layout=Grid crt=off path=grid sys=AllGames games=975 coverMiB=63.6 covers=157 evictions=10 decodes=173 coverSkipped=0 glfps=0 glRenderMaxMs=0.0 allocMB/s=0.0 gen0/s=0
09-06 15:34:39.420 12183 13837 I EmuShelfPerf: PERF layout=Grid crt=off path=grid sys=AllGames games=975 coverMiB=63.7 covers=159 evictions=31 decodes=194 coverSkipped=0 glfps=0 glRenderMaxMs=0.0 allocMB/s=0.0 gen0/s=0
09-06 15:34:40.420 12183 12289 I EmuShelfPerf: PERF layout=Grid crt=off path=grid sys=AllGames games=975 coverMiB=63.8 covers=160 evictions=51 decodes=218 coverSkipped=0 glfps=0 glRenderMaxMs=0.0 allocMB/s=0.0 gen0/s=0
09-06 15:34:41.420 12183 13836 I EmuShelfPerf: PERF layout=Grid crt=off path=grid sys=AllGames games=975 coverMiB=64.0 covers=163 evictions=72 decodes=239 coverSkipped=0 glfps=0 glRenderMaxMs=0.0 allocMB/s=40.6 gen0/s=1
09-06 15:34:42.420 12183 12289 I EmuShelfPerf: PERF layout=Grid crt=off path=grid sys=AllGames games=975 coverMiB=63.7 covers=162 evictions=92 decodes=258 coverSkipped=0 glfps=0 glRenderMaxMs=0.0 allocMB/s=0.0 gen0/s=0
09-06 15:34:43.420 12183 13837 I EmuShelfPerf: PERF layout=Grid crt=off path=grid sys=AllGames games=975 coverMiB=63.9 covers=164 evictions=110 decodes=278 coverSkipped=0 glfps=0 glRenderMaxMs=0.0 allocMB/s=10.8 gen0/s=1
09-06 15:34:44.420 12183 13836 I EmuShelfPerf: PERF layout=Grid crt=off path=grid sys=AllGames games=975 coverMiB=63.7 covers=163 evictions=138 decodes=305 coverSkipped=0 glfps=0 glRenderMaxMs=0.0 allocMB/s=0.0 gen0/s=0
09-06 15:34:45.420 12183 13280 I EmuShelfPerf: PERF layout=Grid crt=off path=grid sys=AllGames games=975 coverMiB=63.8 covers=162 evictions=160 decodes=326 coverSkipped=0 glfps=0 glRenderMaxMs=0.0 allocMB/s=12.0 gen0/s=0
09-06 15:34:46.421 12183 13835 I EmuShelfPerf: PERF layout=Grid crt=off path=grid sys=AllGames games=975 coverMiB=63.6 covers=163 evictions=184 decodes=351 coverSkipped=0 glfps=0 glRenderMaxMs=0.0 allocMB/s=0.0 gen0/s=0
09-06 15:34:47.417 12183 13835 I EmuShelfPerf: PERF layout=Grid crt=off path=grid sys=AllGames games=975 coverMiB=63.8 covers=159 evictions=210 decodes=373 coverSkipped=0 glfps=0 glRenderMaxMs=0.0 allocMB/s=0.0 gen0/s=0
09-06 15:34:48.418 12183 13835 I EmuShelfPerf: PERF layout=Grid crt=off path=grid sys=AllGames games=975 coverMiB=64.0 covers=158 evictions=237 decodes=399 coverSkipped=0 glfps=0 glRenderMaxMs=0.0 allocMB/s=0.0 gen0/s=0
09-06 15:34:49.418 12183 13280 I EmuShelfPerf: PERF layout=Grid crt=off path=grid sys=AllGames games=975 coverMiB=63.8 covers=157 evictions=259 decodes=420 coverSkipped=0 glfps=0 glRenderMaxMs=0.0 allocMB/s=0.0 gen0/s=0
09-06 15:34:50.418 12183 13837 I EmuShelfPerf: PERF layout=Grid crt=off path=grid sys=AllGames games=975 coverMiB=64.0 covers=159 evictions=281 decodes=445 coverSkipped=0 glfps=0 glRenderMaxMs=0.0 allocMB/s=0.0 gen0/s=0
09-06 15:34:51.419 12183 13835 I EmuShelfPerf: PERF layout=Grid crt=off path=grid sys=AllGames games=975 coverMiB=63.5 covers=163 evictions=298 decodes=465 coverSkipped=0 glfps=0 glRenderMaxMs=0.0 allocMB/s=0.0 gen0/s=0
09-06 15:34:52.420 12183 13835 I EmuShelfPerf: PERF layout=Grid crt=off path=grid sys=AllGames games=975 coverMiB=63.7 covers=167 evictions=314 decodes=485 coverSkipped=0 glfps=0 glRenderMaxMs=0.0 allocMB/s=34.0 gen0/s=1
09-06 15:34:53.420 12183 13280 I EmuShelfPerf: PERF layout=Grid crt=off path=grid sys=AllGames games=975 coverMiB=63.5 covers=168 evictions=338 decodes=510 coverSkipped=0 glfps=0 glRenderMaxMs=0.0 allocMB/s=0.0 gen0/s=0
09-06 15:34:54.421 12183 13280 I EmuShelfPerf: PERF layout=Grid crt=off path=grid sys=AllGames games=975 coverMiB=63.9 covers=170 evictions=357 decodes=531 coverSkipped=0 glfps=0 glRenderMaxMs=0.0 allocMB/s=0.0 gen0/s=0
09-06 15:34:55.417 12183 12289 I EmuShelfPerf: PERF layout=Grid crt=off path=grid sys=AllGames games=975 coverMiB=63.9 covers=166 evictions=385 decodes=557 coverSkipped=0 glfps=0 glRenderMaxMs=0.0 allocMB/s=0.0 gen0/s=0
09-06 15:34:56.417 12183 13835 I EmuShelfPerf: PERF layout=Grid crt=off path=grid sys=AllGames games=975 coverMiB=63.8 covers=167 evictions=403 decodes=574 coverSkipped=0 glfps=0 glRenderMaxMs=0.0 allocMB/s=0.0 gen0/s=0
09-06 15:34:57.420 12183 13835 I EmuShelfPerf: PERF layout=Grid crt=off path=grid sys=AllGames games=975 coverMiB=63.8 covers=167 evictions=403 decodes=574 coverSkipped=0 glfps=0 glRenderMaxMs=0.0 allocMB/s=21.1 gen0/s=1
09-06 15:34:58.420 12183 13835 I EmuShelfPerf: PERF layout=Grid crt=off path=grid sys=AllGames games=975 coverMiB=63.8 covers=167 evictions=403 decodes=574 coverSkipped=0 glfps=0 glRenderMaxMs=0.0 allocMB/s=0.0 gen0/s=0
09-06 15:34:59.421 12183 13835 I EmuShelfPerf: PERF layout=Grid crt=off path=grid sys=AllGames games=975 coverMiB=63.8 covers=167 evictions=403 decodes=574 coverSkipped=0 glfps=0 glRenderMaxMs=0.0 allocMB/s=0.0 gen0/s=0
09-06 15:35:00.417 12183 13835 I EmuShelfPerf: PERF layout=Grid crt=off path=grid sys=AllGames games=975 coverMiB=63.8 covers=167 evictions=403 decodes=574 coverSkipped=0 glfps=0 glRenderMaxMs=0.0 allocMB/s=0.0 gen0/s=0
09-06 15:35:01.418 12183 13835 I EmuShelfPerf: PERF layout=Grid crt=off path=grid sys=AllGames games=975 coverMiB=63.8 covers=167 evictions=403 decodes=574 coverSkipped=0 glfps=0 glRenderMaxMs=0.0 allocMB/s=0.0 gen0/s=0
09-06 15:35:02.418 12183 13835 I EmuShelfPerf: PERF layout=Grid crt=off path=grid sys=AllGames games=975 coverMiB=63.8 covers=167 evictions=403 decodes=574 coverSkipped=0 glfps=0 glRenderMaxMs=0.0 allocMB/s=0.0 gen0/s=0
09-06 15:35:03.419 12183 13835 I EmuShelfPerf: PERF layout=Grid crt=off path=grid sys=AllGames games=975 coverMiB=63.8 covers=167 evictions=403 decodes=574 coverSkipped=0 glfps=0 glRenderMaxMs=0.0 allocMB/s=0.0 gen0/s=0
09-06 15:35:04.419 12183 13835 I EmuShelfPerf: PERF layout=Grid crt=off path=grid sys=AllGames games=975 coverMiB=63.8 covers=167 evictions=403 decodes=574 coverSkipped=0 glfps=0 glRenderMaxMs=0.0 allocMB/s=0.0 gen0/s=0
09-06 15:35:05.416 12183 13835 I EmuShelfPerf: PERF layout=Grid crt=off path=grid sys=AllGames games=975 coverMiB=63.8 covers=167 evictions=403 decodes=574 coverSkipped=0 glfps=0 glRenderMaxMs=0.0 allocMB/s=0.0 gen0/s=0
09-06 15:35:06.421 12183 13835 I EmuShelfPerf: PERF layout=Grid crt=off path=grid sys=AllGames games=975 coverMiB=63.8 covers=167 evictions=403 decodes=574 coverSkipped=0 glfps=0 glRenderMaxMs=0.0 allocMB/s=0.0 gen0/s=0
09-06 15:35:07.421 12183 13835 I EmuShelfPerf: PERF layout=Grid crt=off path=grid sys=AllGames games=975 coverMiB=63.8 covers=167 evictions=403 decodes=574 coverSkipped=0 glfps=0 glRenderMaxMs=0.0 allocMB/s=0.0 gen0/s=0
09-06 15:35:08.418 12183 13835 I EmuShelfPerf: PERF layout=Grid crt=off path=grid sys=AllGames games=975 coverMiB=63.8 covers=167 evictions=403 decodes=574 coverSkipped=0 glfps=0 glRenderMaxMs=0.0 allocMB/s=0.0 gen0/s=0
09-06 15:35:09.418 12183 13835 I EmuShelfPerf: PERF layout=Grid crt=off path=grid sys=AllGames games=975 coverMiB=63.8 covers=167 evictions=403 decodes=574 coverSkipped=0 glfps=0 glRenderMaxMs=0.0 allocMB/s=0.0 gen0/s=0
09-06 15:35:10.419 12183 13835 I EmuShelfPerf: PERF layout=Grid crt=off path=grid sys=AllGames games=975 coverMiB=63.8 covers=167 evictions=403 decodes=574 coverSkipped=0 glfps=0 glRenderMaxMs=0.0 allocMB/s=0.0 gen0/s=0
09-06 15:35:11.420 12183 13835 I EmuShelfPerf: PERF layout=Grid crt=off path=grid sys=AllGames games=975 coverMiB=63.8 covers=167 evictions=403 decodes=574 coverSkipped=0 glfps=0 glRenderMaxMs=0.0 allocMB/s=0.0 gen0/s=0
09-06 15:35:12.420 12183 13835 I EmuShelfPerf: PERF layout=Grid crt=off path=grid sys=AllGames games=975 coverMiB=63.8 covers=167 evictions=403 decodes=574 coverSkipped=0 glfps=0 glRenderMaxMs=0.0 allocMB/s=0.0 gen0/s=0
09-06 15:35:13.421 12183 13835 I EmuShelfPerf: PERF layout=Grid crt=off path=grid sys=AllGames games=975 coverMiB=63.8 covers=167 evictions=403 decodes=574 coverSkipped=0 glfps=0 glRenderMaxMs=0.0 allocMB/s=0.0 gen0/s=0
09-06 15:35:14.417 12183 13835 I EmuShelfPerf: PERF layout=Grid crt=off path=grid sys=AllGames games=975 coverMiB=63.8 covers=167 evictions=403 decodes=574 coverSkipped=0 glfps=0 glRenderMaxMs=0.0 allocMB/s=0.0 gen0/s=0
09-06 15:35:15.418 12183 13835 I EmuShelfPerf: PERF layout=Grid crt=off path=grid sys=AllGames games=975 coverMiB=63.8 covers=167 evictions=403 decodes=574 coverSkipped=0 glfps=0 glRenderMaxMs=0.0 allocMB/s=0.0 gen0/s=0
09-06 15:35:16.418 12183 13835 I EmuShelfPerf: PERF layout=Grid crt=off path=grid sys=AllGames games=975 coverMiB=63.8 covers=167 evictions=403 decodes=574 coverSkipped=0 glfps=0 glRenderMaxMs=0.0 allocMB/s=0.0 gen0/s=0
09-06 15:35:17.419 12183 13835 I EmuShelfPerf: PERF layout=Grid crt=off path=grid sys=AllGames games=975 coverMiB=63.8 covers=167 evictions=403 decodes=574 coverSkipped=0 glfps=0 glRenderMaxMs=0.0 allocMB/s=11.8 gen0/s=0
09-06 15:35:18.419 12183 13835 I EmuShelfPerf: PERF layout=Grid crt=off path=grid sys=AllGames games=975 coverMiB=63.8 covers=167 evictions=403 decodes=574 coverSkipped=0 glfps=0 glRenderMaxMs=0.0 allocMB/s=0.0 gen0/s=0
09-06 15:35:19.420 12183 13835 I EmuShelfPerf: PERF layout=Grid crt=off path=grid sys=AllGames games=975 coverMiB=63.8 covers=167 evictions=403 decodes=574 coverSkipped=0 glfps=0 glRenderMaxMs=0.0 allocMB/s=0.0 gen0/s=0
09-06 15:35:20.421 12183 13835 I EmuShelfPerf: PERF layout=Grid crt=off path=grid sys=AllGames games=975 coverMiB=63.8 covers=167 evictions=403 decodes=574 coverSkipped=0 glfps=0 glRenderMaxMs=0.0 allocMB/s=0.0 gen0/s=0
09-06 15:35:21.421 12183 13835 I EmuShelfPerf: PERF layout=Grid crt=off path=grid sys=AllGames games=975 coverMiB=63.8 covers=167 evictions=403 decodes=574 coverSkipped=0 glfps=0 glRenderMaxMs=0.0 allocMB/s=0.0 gen0/s=0
09-06 15:35:22.418 12183 13835 I EmuShelfPerf: PERF layout=Grid crt=off path=grid sys=AllGames games=975 coverMiB=63.8 covers=167 evictions=403 decodes=574 coverSkipped=0 glfps=0 glRenderMaxMs=0.0 allocMB/s=0.0 gen0/s=0
09-06 15:35:23.418 12183 13835 I EmuShelfPerf: PERF layout=Grid crt=off path=grid sys=AllGames games=975 coverMiB=63.8 covers=167 evictions=403 decodes=574 coverSkipped=0 glfps=0 glRenderMaxMs=0.0 allocMB/s=0.0 gen0/s=0
09-06 15:35:24.419 12183 13835 I EmuShelfPerf: PERF layout=Grid crt=off path=grid sys=AllGames games=975 coverMiB=63.8 covers=167 evictions=403 decodes=574 coverSkipped=0 glfps=0 glRenderMaxMs=0.0 allocMB/s=0.0 gen0/s=0
09-06 15:35:25.415 12183 13835 I EmuShelfPerf: PERF layout=Grid crt=off path=grid sys=AllGames games=975 coverMiB=63.8 covers=167 evictions=403 decodes=574 coverSkipped=0 glfps=0 glRenderMaxMs=0.0 allocMB/s=0.0 gen0/s=0
09-06 15:35:26.420 12183 13835 I EmuShelfPerf: PERF layout=Grid crt=off path=grid sys=AllGames games=975 coverMiB=63.8 covers=167 evictions=403 decodes=574 coverSkipped=0 glfps=0 glRenderMaxMs=0.0 allocMB/s=0.0 gen0/s=0
09-06 15:35:27.420 12183 13835 I EmuShelfPerf: PERF layout=Grid crt=off path=grid sys=AllGames games=975 coverMiB=63.8 covers=167 evictions=403 decodes=574 coverSkipped=0 glfps=0 glRenderMaxMs=0.0 allocMB/s=0.0 gen0/s=0
09-06 15:35:28.418 12183 13835 I EmuShelfPerf: PERF layout=Grid crt=off path=grid sys=AllGames games=975 coverMiB=63.8 covers=167 evictions=403 decodes=574 coverSkipped=0 glfps=0 glRenderMaxMs=0.0 allocMB/s=0.0 gen0/s=0
09-06 15:35:29.418 12183 13835 I EmuShelfPerf: PERF layout=Grid crt=off path=grid sys=AllGames games=975 coverMiB=63.8 covers=167 evictions=403 decodes=574 coverSkipped=0 glfps=0 glRenderMaxMs=0.0 allocMB/s=0.0 gen0/s=0
09-06 15:35:30.418 12183 13835 I EmuShelfPerf: PERF layout=Grid crt=off path=grid sys=AllGames games=975 coverMiB=63.8 covers=167 evictions=403 decodes=574 coverSkipped=0 glfps=0 glRenderMaxMs=0.0 allocMB/s=0.0 gen0/s=0
09-06 15:35:31.419 12183 13835 I EmuShelfPerf: PERF layout=Grid crt=off path=grid sys=AllGames games=975 coverMiB=63.8 covers=167 evictions=403 decodes=574 coverSkipped=0 glfps=0 glRenderMaxMs=0.0 allocMB/s=0.0 gen0/s=0
09-06 15:35:32.419 12183 13835 I EmuShelfPerf: PERF layout=Grid crt=off path=grid sys=AllGames games=975 coverMiB=63.8 covers=167 evictions=403 decodes=574 coverSkipped=0 glfps=0 glRenderMaxMs=0.0 allocMB/s=0.0 gen0/s=0
09-06 15:35:33.420 12183 13835 I EmuShelfPerf: PERF layout=Grid crt=off path=grid sys=AllGames games=975 coverMiB=63.8 covers=167 evictions=403 decodes=574 coverSkipped=0 glfps=0 glRenderMaxMs=0.0 allocMB/s=0.0 gen0/s=0
09-06 15:35:34.420 12183 13835 I EmuShelfPerf: PERF layout=Grid crt=off path=grid sys=AllGames games=975 coverMiB=63.8 covers=167 evictions=403 decodes=574 coverSkipped=0 glfps=0 glRenderMaxMs=0.0 allocMB/s=0.0 gen0/s=0
09-06 15:35:35.421 12183 13835 I EmuShelfPerf: PERF layout=Grid crt=off path=grid sys=AllGames games=975 coverMiB=63.8 covers=167 evictions=403 decodes=574 coverSkipped=0 glfps=0 glRenderMaxMs=0.0 allocMB/s=0.0 gen0/s=0
09-06 15:35:36.417 12183 14825 I EmuShelfPerf: PERF layout=Grid crt=off path=grid sys=AllGames games=975 coverMiB=63.8 covers=166 evictions=413 decodes=583 coverSkipped=0 glfps=0 glRenderMaxMs=0.0 allocMB/s=0.0 gen0/s=0
09-06 15:35:37.419 12183 13835 I EmuShelfPerf: PERF layout=Grid crt=off path=grid sys=AllGames games=975 coverMiB=63.9 covers=167 evictions=432 decodes=603 coverSkipped=0 glfps=0 glRenderMaxMs=0.0 allocMB/s=0.0 gen0/s=0
09-06 15:35:38.419 12183 14838 I EmuShelfPerf: PERF layout=Grid crt=off path=grid sys=AllGames games=975 coverMiB=63.7 covers=163 evictions=462 decodes=629 coverSkipped=0 glfps=0 glRenderMaxMs=0.0 allocMB/s=0.0 gen0/s=0
09-06 15:35:39.419 12183 13835 I EmuShelfPerf: PERF layout=Grid crt=off path=grid sys=AllGames games=975 coverMiB=63.9 covers=161 evictions=486 decodes=651 coverSkipped=0 glfps=0 glRenderMaxMs=0.0 allocMB/s=0.0 gen0/s=0
09-06 15:35:40.420 12183 13835 I EmuShelfPerf: PERF layout=Grid crt=off path=grid sys=AllGames games=975 coverMiB=63.8 covers=161 evictions=509 decodes=676 coverSkipped=0 glfps=0 glRenderMaxMs=0.0 allocMB/s=0.0 gen0/s=0
09-06 15:35:41.421 12183 14826 I EmuShelfPerf: PERF layout=Grid crt=off path=grid sys=AllGames games=975 coverMiB=63.8 covers=159 evictions=535 decodes=698 coverSkipped=0 glfps=0 glRenderMaxMs=0.0 allocMB/s=0.0 gen0/s=0
09-06 15:35:42.417 12183 14827 I EmuShelfPerf: PERF layout=Grid crt=off path=grid sys=AllGames games=975 coverMiB=63.7 covers=163 evictions=551 decodes=718 coverSkipped=0 glfps=0 glRenderMaxMs=0.0 allocMB/s=0.0 gen0/s=0
09-06 15:35:43.417 12183 14838 I EmuShelfPerf: PERF layout=Grid crt=off path=grid sys=AllGames games=975 coverMiB=63.5 covers=162 evictions=578 decodes=744 coverSkipped=0 glfps=0 glRenderMaxMs=0.0 allocMB/s=27.4 gen0/s=1
09-06 15:35:44.417 12183 13835 I EmuShelfPerf: PERF layout=Grid crt=off path=grid sys=AllGames games=975 coverMiB=63.7 covers=158 evictions=603 decodes=765 coverSkipped=0 glfps=0 glRenderMaxMs=0.0 allocMB/s=0.0 gen0/s=0
09-06 15:35:45.417 12183 13835 I EmuShelfPerf: PERF layout=Grid crt=off path=grid sys=AllGames games=975 coverMiB=63.9 covers=156 evictions=629 decodes=791 coverSkipped=0 glfps=0 glRenderMaxMs=0.0 allocMB/s=0.0 gen0/s=0
09-06 15:35:46.418 12183 13835 I EmuShelfPerf: PERF layout=Grid crt=off path=grid sys=AllGames games=975 coverMiB=63.8 covers=157 evictions=650 decodes=811 coverSkipped=0 glfps=0 glRenderMaxMs=0.0 allocMB/s=0.0 gen0/s=0
09-06 15:35:47.418 12183 14826 I EmuShelfPerf: PERF layout=Grid crt=off path=grid sys=AllGames games=975 coverMiB=64.0 covers=156 evictions=671 decodes=831 coverSkipped=0 glfps=0 glRenderMaxMs=0.0 allocMB/s=0.0 gen0/s=0
09-06 15:35:48.419 12183 14838 I EmuShelfPerf: PERF layout=Grid crt=off path=grid sys=AllGames games=975 coverMiB=63.8 covers=161 evictions=691 decodes=856 coverSkipped=0 glfps=0 glRenderMaxMs=0.0 allocMB/s=0.0 gen0/s=0
09-06 15:35:49.419 12183 13835 I EmuShelfPerf: PERF layout=Grid crt=off path=grid sys=AllGames games=975 coverMiB=63.9 covers=156 evictions=720 decodes=880 coverSkipped=0 glfps=0 glRenderMaxMs=0.0 allocMB/s=0.0 gen0/s=0
09-06 15:35:50.417 12183 13835 I EmuShelfPerf: PERF layout=Grid crt=off path=grid sys=AllGames games=975 coverMiB=63.9 covers=158 evictions=743 decodes=905 coverSkipped=0 glfps=0 glRenderMaxMs=0.0 allocMB/s=34.1 gen0/s=1
09-06 15:35:51.419 12183 13835 I EmuShelfPerf: PERF layout=Grid crt=off path=grid sys=AllGames games=975 coverMiB=63.6 covers=157 evictions=753 decodes=914 coverSkipped=0 glfps=0 glRenderMaxMs=0.0 allocMB/s=7.2 gen0/s=1
09-06 15:35:52.420 12183 13835 I EmuShelfPerf: PERF layout=Grid crt=off path=grid sys=AllGames games=975 coverMiB=63.6 covers=157 evictions=753 decodes=914 coverSkipped=0 glfps=0 glRenderMaxMs=0.0 allocMB/s=0.0 gen0/s=0
09-06 15:35:53.420 12183 13835 I EmuShelfPerf: PERF layout=Grid crt=off path=grid sys=AllGames games=975 coverMiB=63.6 covers=157 evictions=753 decodes=914 coverSkipped=0 glfps=0 glRenderMaxMs=0.0 allocMB/s=0.0 gen0/s=0
09-06 15:35:54.420 12183 13835 I EmuShelfPerf: PERF layout=Grid crt=off path=grid sys=AllGames games=975 coverMiB=63.6 covers=157 evictions=753 decodes=914 coverSkipped=0 glfps=0 glRenderMaxMs=0.0 allocMB/s=0.0 gen0/s=0
09-06 15:35:55.421 12183 13835 I EmuShelfPerf: PERF layout=Grid crt=off path=grid sys=AllGames games=975 coverMiB=63.6 covers=157 evictions=753 decodes=914 coverSkipped=0 glfps=0 glRenderMaxMs=0.0 allocMB/s=0.0 gen0/s=0
09-06 15:35:56.417 12183 13835 I EmuShelfPerf: PERF layout=Grid crt=off path=grid sys=AllGames games=975 coverMiB=63.6 covers=157 evictions=753 decodes=914 coverSkipped=0 glfps=0 glRenderMaxMs=0.0 allocMB/s=0.0 gen0/s=0
09-06 15:35:57.417 12183 13835 I EmuShelfPerf: PERF layout=Grid crt=off path=grid sys=AllGames games=975 coverMiB=63.6 covers=157 evictions=753 decodes=914 coverSkipped=0 glfps=0 glRenderMaxMs=0.0 allocMB/s=0.0 gen0/s=0
09-06 15:35:58.418 12183 13835 I EmuShelfPerf: PERF layout=Grid crt=off path=grid sys=AllGames games=975 coverMiB=63.6 covers=157 evictions=753 decodes=914 coverSkipped=0 glfps=0 glRenderMaxMs=0.0 allocMB/s=0.0 gen0/s=0
09-06 15:35:59.419 12183 13835 I EmuShelfPerf: PERF layout=Grid crt=off path=grid sys=AllGames games=975 coverMiB=63.6 covers=157 evictions=753 decodes=914 coverSkipped=0 glfps=0 glRenderMaxMs=0.0 allocMB/s=0.0 gen0/s=0
09-06 15:36:00.419 12183 13835 I EmuShelfPerf: PERF layout=Grid crt=off path=grid sys=AllGames games=975 coverMiB=63.6 covers=157 evictions=753 decodes=914 coverSkipped=0 glfps=0 glRenderMaxMs=0.0 allocMB/s=0.0 gen0/s=0
09-06 15:36:01.419 12183 13835 I EmuShelfPerf: PERF layout=Grid crt=off path=grid sys=AllGames games=975 coverMiB=63.6 covers=157 evictions=753 decodes=914 coverSkipped=0 glfps=0 glRenderMaxMs=0.0 allocMB/s=0.0 gen0/s=0
09-06 15:36:02.419 12183 13835 I EmuShelfPerf: PERF layout=Grid crt=off path=grid sys=AllGames games=975 coverMiB=63.6 covers=157 evictions=753 decodes=914 coverSkipped=0 glfps=0 glRenderMaxMs=0.0 allocMB/s=0.0 gen0/s=0
09-06 15:36:03.420 12183 13835 I EmuShelfPerf: PERF layout=Grid crt=off path=grid sys=AllGames games=975 coverMiB=63.6 covers=157 evictions=753 decodes=914 coverSkipped=0 glfps=0 glRenderMaxMs=0.0 allocMB/s=0.0 gen0/s=0
09-06 15:36:04.420 12183 13835 I EmuShelfPerf: PERF layout=Grid crt=off path=grid sys=AllGames games=975 coverMiB=63.6 covers=157 evictions=753 decodes=914 coverSkipped=0 glfps=0 glRenderMaxMs=0.0 allocMB/s=0.0 gen0/s=0
09-06 15:36:05.417 12183 13835 I EmuShelfPerf: PERF layout=Grid crt=off path=grid sys=AllGames games=975 coverMiB=63.6 covers=157 evictions=753 decodes=914 coverSkipped=0 glfps=0 glRenderMaxMs=0.0 allocMB/s=0.0 gen0/s=0
09-06 15:36:06.417 12183 13835 I EmuShelfPerf: PERF layout=Grid crt=off path=grid sys=AllGames games=975 coverMiB=63.6 covers=157 evictions=753 decodes=914 coverSkipped=0 glfps=0 glRenderMaxMs=0.0 allocMB/s=0.0 gen0/s=0
09-06 15:36:07.418 12183 13835 I EmuShelfPerf: PERF layout=Grid crt=off path=grid sys=AllGames games=975 coverMiB=63.6 covers=157 evictions=753 decodes=914 coverSkipped=0 glfps=0 glRenderMaxMs=0.0 allocMB/s=0.0 gen0/s=0
09-06 15:36:08.418 12183 13835 I EmuShelfPerf: PERF layout=Grid crt=off path=grid sys=AllGames games=975 coverMiB=63.6 covers=157 evictions=753 decodes=914 coverSkipped=0 glfps=0 glRenderMaxMs=0.0 allocMB/s=0.0 gen0/s=0
09-06 15:36:09.419 12183 13835 I EmuShelfPerf: PERF layout=Grid crt=off path=grid sys=AllGames games=975 coverMiB=63.6 covers=157 evictions=753 decodes=914 coverSkipped=0 glfps=0 glRenderMaxMs=0.0 allocMB/s=0.0 gen0/s=0
09-06 15:36:10.420 12183 13835 I EmuShelfPerf: PERF layout=Grid crt=off path=grid sys=AllGames games=975 coverMiB=63.6 covers=157 evictions=753 decodes=914 coverSkipped=0 glfps=0 glRenderMaxMs=0.0 allocMB/s=0.0 gen0/s=0
09-06 15:36:11.420 12183 13835 I EmuShelfPerf: PERF layout=Grid crt=off path=grid sys=AllGames games=975 coverMiB=63.6 covers=157 evictions=753 decodes=914 coverSkipped=0 glfps=0 glRenderMaxMs=0.0 allocMB/s=9.4 gen0/s=0
09-06 15:36:12.420 12183 13835 I EmuShelfPerf: PERF layout=Grid crt=off path=grid sys=AllGames games=975 coverMiB=63.6 covers=157 evictions=753 decodes=914 coverSkipped=0 glfps=0 glRenderMaxMs=0.0 allocMB/s=0.0 gen0/s=0
09-06 15:36:13.421 12183 13835 I EmuShelfPerf: PERF layout=Grid crt=off path=grid sys=AllGames games=975 coverMiB=63.6 covers=157 evictions=753 decodes=914 coverSkipped=0 glfps=0 glRenderMaxMs=0.0 allocMB/s=0.0 gen0/s=0
09-06 15:36:14.417 12183 13835 I EmuShelfPerf: PERF layout=Grid crt=off path=grid sys=AllGames games=975 coverMiB=63.6 covers=157 evictions=753 decodes=914 coverSkipped=0 glfps=0 glRenderMaxMs=0.0 allocMB/s=0.0 gen0/s=0
09-06 15:36:15.417 12183 13835 I EmuShelfPerf: PERF layout=Grid crt=off path=grid sys=AllGames games=975 coverMiB=63.6 covers=157 evictions=753 decodes=914 coverSkipped=0 glfps=0 glRenderMaxMs=0.0 allocMB/s=0.0 gen0/s=0
09-06 15:36:16.417 12183 13835 I EmuShelfPerf: PERF layout=Grid crt=off path=grid sys=AllGames games=975 coverMiB=63.6 covers=157 evictions=753 decodes=914 coverSkipped=0 glfps=0 glRenderMaxMs=0.0 allocMB/s=0.0 gen0/s=0
09-06 15:36:17.418 12183 13835 I EmuShelfPerf: PERF layout=Grid crt=off path=grid sys=AllGames games=975 coverMiB=63.6 covers=157 evictions=753 decodes=914 coverSkipped=0 glfps=0 glRenderMaxMs=0.0 allocMB/s=0.0 gen0/s=0
09-06 15:36:18.418 12183 13835 I EmuShelfPerf: PERF layout=Grid crt=off path=grid sys=AllGames games=975 coverMiB=63.6 covers=157 evictions=753 decodes=914 coverSkipped=0 glfps=0 glRenderMaxMs=0.0 allocMB/s=0.0 gen0/s=0
09-06 15:36:19.418 12183 13835 I EmuShelfPerf: PERF layout=Grid crt=off path=grid sys=AllGames games=975 coverMiB=63.6 covers=157 evictions=753 decodes=914 coverSkipped=0 glfps=0 glRenderMaxMs=0.0 allocMB/s=0.0 gen0/s=0
09-06 15:36:20.419 12183 13835 I EmuShelfPerf: PERF layout=Grid crt=off path=grid sys=AllGames games=975 coverMiB=63.6 covers=157 evictions=753 decodes=914 coverSkipped=0 glfps=0 glRenderMaxMs=0.0 allocMB/s=0.0 gen0/s=0
09-06 15:36:21.419 12183 13835 I EmuShelfPerf: PERF layout=Grid crt=off path=grid sys=AllGames games=975 coverMiB=63.6 covers=157 evictions=753 decodes=914 coverSkipped=0 glfps=0 glRenderMaxMs=0.0 allocMB/s=0.0 gen0/s=0
09-06 15:36:21.981 12183 12183 I EmuShelfPerf: PROJECTION source=975 visible=54 background=True prepareMs=3.8 publishMs=28.7
09-06 15:36:22.419 12183 15582 I EmuShelfPerf: PERF layout=Grid crt=off path=grid sys=AllGames games=54 coverMiB=63.9 covers=161 evictions=770 decodes=935 coverSkipped=0 glfps=0 glRenderMaxMs=0.0 allocMB/s=0.0 gen0/s=0
09-06 15:36:23.421 12183 13835 I EmuShelfPerf: PERF layout=Grid crt=off path=grid sys=AllGames games=54 coverMiB=63.9 covers=161 evictions=770 decodes=935 coverSkipped=0 glfps=0 glRenderMaxMs=0.0 allocMB/s=0.0 gen0/s=0
09-06 15:36:24.418 12183 15582 I EmuShelfPerf: PERF layout=Grid crt=off path=grid sys=AllGames games=54 coverMiB=63.9 covers=161 evictions=770 decodes=935 coverSkipped=0 glfps=0 glRenderMaxMs=0.0 allocMB/s=0.0 gen0/s=0
09-06 15:36:25.420 12183 15582 I EmuShelfPerf: PERF layout=Grid crt=off path=grid sys=AllGames games=54 coverMiB=63.9 covers=161 evictions=770 decodes=935 coverSkipped=0 glfps=0 glRenderMaxMs=0.0 allocMB/s=0.0 gen0/s=0
09-06 15:36:26.420 12183 15582 I EmuShelfPerf: PERF layout=Grid crt=off path=grid sys=AllGames games=54 coverMiB=63.9 covers=161 evictions=770 decodes=935 coverSkipped=0 glfps=0 glRenderMaxMs=0.0 allocMB/s=0.0 gen0/s=0
09-06 15:36:27.421 12183 15582 I EmuShelfPerf: PERF layout=Grid crt=off path=grid sys=AllGames games=54 coverMiB=63.9 covers=161 evictions=770 decodes=935 coverSkipped=0 glfps=0 glRenderMaxMs=0.0 allocMB/s=0.0 gen0/s=0
09-06 15:36:28.418 12183 15582 I EmuShelfPerf: PERF layout=Grid crt=off path=grid sys=AllGames games=54 coverMiB=63.9 covers=161 evictions=770 decodes=935 coverSkipped=0 glfps=0 glRenderMaxMs=0.0 allocMB/s=0.0 gen0/s=0
09-06 15:36:29.418 12183 15582 I EmuShelfPerf: PERF layout=Grid crt=off path=grid sys=AllGames games=54 coverMiB=63.9 covers=161 evictions=770 decodes=935 coverSkipped=0 glfps=0 glRenderMaxMs=0.0 allocMB/s=0.0 gen0/s=0
09-06 15:36:30.419 12183 15582 I EmuShelfPerf: PERF layout=Grid crt=off path=grid sys=AllGames games=54 coverMiB=63.9 covers=161 evictions=770 decodes=935 coverSkipped=0 glfps=0 glRenderMaxMs=0.0 allocMB/s=0.0 gen0/s=0
09-06 15:36:31.419 12183 15582 I EmuShelfPerf: PERF layout=Grid crt=off path=grid sys=AllGames games=54 coverMiB=63.9 covers=161 evictions=770 decodes=935 coverSkipped=0 glfps=0 glRenderMaxMs=0.0 allocMB/s=0.0 gen0/s=0
09-06 15:36:32.419 12183 15582 I EmuShelfPerf: PERF layout=Grid crt=off path=grid sys=AllGames games=54 coverMiB=63.9 covers=161 evictions=770 decodes=935 coverSkipped=0 glfps=0 glRenderMaxMs=0.0 allocMB/s=0.0 gen0/s=0
09-06 15:36:33.420 12183 15582 I EmuShelfPerf: PERF layout=Grid crt=off path=grid sys=AllGames games=54 coverMiB=63.9 covers=161 evictions=770 decodes=935 coverSkipped=0 glfps=0 glRenderMaxMs=0.0 allocMB/s=0.0 gen0/s=0
09-06 15:36:34.420 12183 15582 I EmuShelfPerf: PERF layout=Grid crt=off path=grid sys=AllGames games=54 coverMiB=63.9 covers=161 evictions=770 decodes=935 coverSkipped=0 glfps=0 glRenderMaxMs=0.0 allocMB/s=0.0 gen0/s=0
09-06 15:36:35.421 12183 15582 I EmuShelfPerf: PERF layout=Grid crt=off path=grid sys=AllGames games=54 coverMiB=63.9 covers=161 evictions=770 decodes=935 coverSkipped=0 glfps=0 glRenderMaxMs=0.0 allocMB/s=0.0 gen0/s=0
09-06 15:36:36.417 12183 15582 I EmuShelfPerf: PERF layout=Grid crt=off path=grid sys=AllGames games=54 coverMiB=63.9 covers=161 evictions=770 decodes=935 coverSkipped=0 glfps=0 glRenderMaxMs=0.0 allocMB/s=0.0 gen0/s=0
09-06 15:36:37.418 12183 15582 I EmuShelfPerf: PERF layout=Grid crt=off path=grid sys=AllGames games=54 coverMiB=63.9 covers=161 evictions=770 decodes=935 coverSkipped=0 glfps=0 glRenderMaxMs=0.0 allocMB/s=0.0 gen0/s=0
09-06 15:36:38.418 12183 15582 I EmuShelfPerf: PERF layout=Grid crt=off path=grid sys=AllGames games=54 coverMiB=63.9 covers=161 evictions=770 decodes=935 coverSkipped=0 glfps=0 glRenderMaxMs=0.0 allocMB/s=0.0 gen0/s=0
09-06 15:36:39.419 12183 15582 I EmuShelfPerf: PERF layout=Grid crt=off path=grid sys=AllGames games=54 coverMiB=63.9 covers=161 evictions=770 decodes=935 coverSkipped=0 glfps=0 glRenderMaxMs=0.0 allocMB/s=0.0 gen0/s=0
09-06 15:36:40.419 12183 15582 I EmuShelfPerf: PERF layout=Grid crt=off path=grid sys=AllGames games=54 coverMiB=63.9 covers=161 evictions=770 decodes=935 coverSkipped=0 glfps=0 glRenderMaxMs=0.0 allocMB/s=0.0 gen0/s=0
09-06 15:36:41.420 12183 15582 I EmuShelfPerf: PERF layout=Grid crt=off path=grid sys=AllGames games=54 coverMiB=63.9 covers=161 evictions=770 decodes=935 coverSkipped=0 glfps=0 glRenderMaxMs=0.0 allocMB/s=0.0 gen0/s=0
09-06 15:36:42.420 12183 15582 I EmuShelfPerf: PERF layout=Grid crt=off path=grid sys=AllGames games=54 coverMiB=63.9 covers=161 evictions=770 decodes=935 coverSkipped=0 glfps=0 glRenderMaxMs=0.0 allocMB/s=12.9 gen0/s=0
09-06 15:36:43.420 12183 15582 I EmuShelfPerf: PERF layout=Grid crt=off path=grid sys=AllGames games=54 coverMiB=63.9 covers=161 evictions=770 decodes=935 coverSkipped=0 glfps=0 glRenderMaxMs=0.0 allocMB/s=0.0 gen0/s=0
09-06 15:36:44.421 12183 15582 I EmuShelfPerf: PERF layout=Grid crt=off path=grid sys=AllGames games=54 coverMiB=63.9 covers=161 evictions=770 decodes=935 coverSkipped=0 glfps=0 glRenderMaxMs=0.0 allocMB/s=0.0 gen0/s=0
09-06 15:36:45.417 12183 15582 I EmuShelfPerf: PERF layout=Grid crt=off path=grid sys=AllGames games=54 coverMiB=63.9 covers=161 evictions=770 decodes=935 coverSkipped=0 glfps=0 glRenderMaxMs=0.0 allocMB/s=0.0 gen0/s=0
09-06 15:36:46.417 12183 15582 I EmuShelfPerf: PERF layout=Grid crt=off path=grid sys=AllGames games=54 coverMiB=63.9 covers=161 evictions=770 decodes=935 coverSkipped=0 glfps=0 glRenderMaxMs=0.0 allocMB/s=0.0 gen0/s=0
09-06 15:36:47.418 12183 15582 I EmuShelfPerf: PERF layout=Grid crt=off path=grid sys=AllGames games=54 coverMiB=63.9 covers=161 evictions=770 decodes=935 coverSkipped=0 glfps=0 glRenderMaxMs=0.0 allocMB/s=0.0 gen0/s=0
09-06 15:36:48.418 12183 15582 I EmuShelfPerf: PERF layout=Grid crt=off path=grid sys=AllGames games=54 coverMiB=63.9 covers=161 evictions=770 decodes=935 coverSkipped=0 glfps=0 glRenderMaxMs=0.0 allocMB/s=0.0 gen0/s=0
09-06 15:36:49.419 12183 15582 I EmuShelfPerf: PERF layout=Grid crt=off path=grid sys=AllGames games=54 coverMiB=63.9 covers=161 evictions=770 decodes=935 coverSkipped=0 glfps=0 glRenderMaxMs=0.0 allocMB/s=0.0 gen0/s=0
09-06 15:36:50.419 12183 15582 I EmuShelfPerf: PERF layout=Grid crt=off path=grid sys=AllGames games=54 coverMiB=63.9 covers=161 evictions=770 decodes=935 coverSkipped=0 glfps=0 glRenderMaxMs=0.0 allocMB/s=0.0 gen0/s=0
09-06 15:36:51.012 12183 12183 I EmuShelfPerf: PROJECTION source=975 visible=13 background=True prepareMs=3.1 publishMs=22.7
09-06 15:36:51.419 12183 15891 I EmuShelfPerf: PERF layout=Grid crt=off path=grid sys=AllGames games=13 coverMiB=63.6 covers=163 evictions=781 decodes=948 coverSkipped=0 glfps=0 glRenderMaxMs=0.0 allocMB/s=0.0 gen0/s=0
09-06 15:36:52.421 12183 15889 I EmuShelfPerf: PERF layout=Grid crt=off path=grid sys=AllGames games=13 coverMiB=63.6 covers=163 evictions=781 decodes=948 coverSkipped=0 glfps=0 glRenderMaxMs=0.0 allocMB/s=0.0 gen0/s=0
09-06 15:36:53.417 12183 15889 I EmuShelfPerf: PERF layout=Grid crt=off path=grid sys=AllGames games=13 coverMiB=63.6 covers=163 evictions=781 decodes=948 coverSkipped=0 glfps=0 glRenderMaxMs=0.0 allocMB/s=0.0 gen0/s=0
09-06 15:36:54.419 12183 15891 I EmuShelfPerf: PERF layout=Grid crt=off path=grid sys=AllGames games=13 coverMiB=63.6 covers=163 evictions=781 decodes=948 coverSkipped=0 glfps=0 glRenderMaxMs=0.0 allocMB/s=0.0 gen0/s=0
09-06 15:36:55.419 12183 15891 I EmuShelfPerf: PERF layout=Grid crt=off path=grid sys=AllGames games=13 coverMiB=63.6 covers=163 evictions=781 decodes=948 coverSkipped=0 glfps=0 glRenderMaxMs=0.0 allocMB/s=0.0 gen0/s=0
09-06 15:36:56.420 12183 15891 I EmuShelfPerf: PERF layout=Grid crt=off path=grid sys=AllGames games=13 coverMiB=63.6 covers=163 evictions=781 decodes=948 coverSkipped=0 glfps=0 glRenderMaxMs=0.0 allocMB/s=0.0 gen0/s=0
09-06 15:36:57.420 12183 15891 I EmuShelfPerf: PERF layout=Grid crt=off path=grid sys=AllGames games=13 coverMiB=63.6 covers=163 evictions=781 decodes=948 coverSkipped=0 glfps=0 glRenderMaxMs=0.0 allocMB/s=0.0 gen0/s=0
09-06 15:36:58.421 12183 15891 I EmuShelfPerf: PERF layout=Grid crt=off path=grid sys=AllGames games=13 coverMiB=63.6 covers=163 evictions=781 decodes=948 coverSkipped=0 glfps=0 glRenderMaxMs=0.0 allocMB/s=0.0 gen0/s=0
09-06 15:36:59.417 12183 15891 I EmuShelfPerf: PERF layout=Grid crt=off path=grid sys=AllGames games=13 coverMiB=63.6 covers=163 evictions=781 decodes=948 coverSkipped=0 glfps=0 glRenderMaxMs=0.0 allocMB/s=0.0 gen0/s=0
09-06 15:37:00.418 12183 15891 I EmuShelfPerf: PERF layout=Grid crt=off path=grid sys=AllGames games=13 coverMiB=63.6 covers=163 evictions=781 decodes=948 coverSkipped=0 glfps=0 glRenderMaxMs=0.0 allocMB/s=0.0 gen0/s=0
09-06 15:37:01.418 12183 15891 I EmuShelfPerf: PERF layout=Grid crt=off path=grid sys=AllGames games=13 coverMiB=63.6 covers=163 evictions=781 decodes=948 coverSkipped=0 glfps=0 glRenderMaxMs=0.0 allocMB/s=0.0 gen0/s=0
09-06 15:37:02.418 12183 15891 I EmuShelfPerf: PERF layout=Grid crt=off path=grid sys=AllGames games=13 coverMiB=63.6 covers=163 evictions=781 decodes=948 coverSkipped=0 glfps=0 glRenderMaxMs=0.0 allocMB/s=0.0 gen0/s=0
09-06 15:37:03.419 12183 15891 I EmuShelfPerf: PERF layout=Grid crt=off path=grid sys=AllGames games=13 coverMiB=63.6 covers=163 evictions=781 decodes=948 coverSkipped=0 glfps=0 glRenderMaxMs=0.0 allocMB/s=0.0 gen0/s=0
09-06 15:37:04.419 12183 15891 I EmuShelfPerf: PERF layout=Grid crt=off path=grid sys=AllGames games=13 coverMiB=63.6 covers=163 evictions=781 decodes=948 coverSkipped=0 glfps=0 glRenderMaxMs=0.0 allocMB/s=0.0 gen0/s=0
09-06 15:37:05.419 12183 15891 I EmuShelfPerf: PERF layout=Grid crt=off path=grid sys=AllGames games=13 coverMiB=63.6 covers=163 evictions=781 decodes=948 coverSkipped=0 glfps=0 glRenderMaxMs=0.0 allocMB/s=0.0 gen0/s=0
09-06 15:37:06.420 12183 15891 I EmuShelfPerf: PERF layout=Grid crt=off path=grid sys=AllGames games=13 coverMiB=63.6 covers=163 evictions=781 decodes=948 coverSkipped=0 glfps=0 glRenderMaxMs=0.0 allocMB/s=0.0 gen0/s=0
09-06 15:37:07.420 12183 15891 I EmuShelfPerf: PERF layout=Grid crt=off path=grid sys=AllGames games=13 coverMiB=63.6 covers=163 evictions=781 decodes=948 coverSkipped=0 glfps=0 glRenderMaxMs=0.0 allocMB/s=0.0 gen0/s=0
09-06 15:37:08.420 12183 15891 I EmuShelfPerf: PERF layout=Grid crt=off path=grid sys=AllGames games=13 coverMiB=63.6 covers=163 evictions=781 decodes=948 coverSkipped=0 glfps=0 glRenderMaxMs=0.0 allocMB/s=0.0 gen0/s=0
09-06 15:37:09.421 12183 15891 I EmuShelfPerf: PERF layout=Grid crt=off path=grid sys=AllGames games=13 coverMiB=63.6 covers=163 evictions=781 decodes=948 coverSkipped=0 glfps=0 glRenderMaxMs=0.0 allocMB/s=0.0 gen0/s=0
09-06 15:37:10.417 12183 15891 I EmuShelfPerf: PERF layout=Grid crt=off path=grid sys=AllGames games=13 coverMiB=63.6 covers=163 evictions=781 decodes=948 coverSkipped=0 glfps=0 glRenderMaxMs=0.0 allocMB/s=0.0 gen0/s=0
09-06 15:37:11.418 12183 15891 I EmuShelfPerf: PERF layout=Grid crt=off path=grid sys=AllGames games=13 coverMiB=63.6 covers=163 evictions=781 decodes=948 coverSkipped=0 glfps=0 glRenderMaxMs=0.0 allocMB/s=7.6 gen0/s=0
09-06 15:37:12.418 12183 15891 I EmuShelfPerf: PERF layout=Grid crt=off path=grid sys=AllGames games=13 coverMiB=63.6 covers=163 evictions=781 decodes=948 coverSkipped=0 glfps=0 glRenderMaxMs=0.0 allocMB/s=0.0 gen0/s=0
09-06 15:37:13.419 12183 15891 I EmuShelfPerf: PERF layout=Grid crt=off path=grid sys=AllGames games=13 coverMiB=63.6 covers=163 evictions=781 decodes=948 coverSkipped=0 glfps=0 glRenderMaxMs=0.0 allocMB/s=0.0 gen0/s=0
09-06 15:37:14.419 12183 15891 I EmuShelfPerf: PERF layout=Grid crt=off path=grid sys=AllGames games=13 coverMiB=63.6 covers=163 evictions=781 decodes=948 coverSkipped=0 glfps=0 glRenderMaxMs=0.0 allocMB/s=0.0 gen0/s=0
09-06 15:37:15.419 12183 15891 I EmuShelfPerf: PERF layout=Grid crt=off path=grid sys=AllGames games=13 coverMiB=63.6 covers=163 evictions=781 decodes=948 coverSkipped=0 glfps=0 glRenderMaxMs=0.0 allocMB/s=0.0 gen0/s=0
09-06 15:37:16.419 12183 15891 I EmuShelfPerf: PERF layout=Grid crt=off path=grid sys=AllGames games=13 coverMiB=63.6 covers=163 evictions=781 decodes=948 coverSkipped=0 glfps=0 glRenderMaxMs=0.0 allocMB/s=0.0 gen0/s=0
09-06 15:37:17.420 12183 15891 I EmuShelfPerf: PERF layout=Grid crt=off path=grid sys=AllGames games=13 coverMiB=63.6 covers=163 evictions=781 decodes=948 coverSkipped=0 glfps=0 glRenderMaxMs=0.0 allocMB/s=0.0 gen0/s=0
09-06 15:37:18.420 12183 15891 I EmuShelfPerf: PERF layout=Grid crt=off path=grid sys=AllGames games=13 coverMiB=63.6 covers=163 evictions=781 decodes=948 coverSkipped=0 glfps=0 glRenderMaxMs=0.0 allocMB/s=0.0 gen0/s=0
09-06 15:37:19.420 12183 15891 I EmuShelfPerf: PERF layout=Grid crt=off path=grid sys=AllGames games=13 coverMiB=63.6 covers=163 evictions=781 decodes=948 coverSkipped=0 glfps=0 glRenderMaxMs=0.0 allocMB/s=0.0 gen0/s=0
09-06 15:37:20.421 12183 15891 I EmuShelfPerf: PERF layout=Grid crt=off path=grid sys=AllGames games=13 coverMiB=63.6 covers=163 evictions=781 decodes=948 coverSkipped=0 glfps=0 glRenderMaxMs=0.0 allocMB/s=0.0 gen0/s=0
09-06 15:37:21.417 12183 15891 I EmuShelfPerf: PERF layout=Grid crt=off path=grid sys=AllGames games=13 coverMiB=63.6 covers=163 evictions=781 decodes=948 coverSkipped=0 glfps=0 glRenderMaxMs=0.0 allocMB/s=0.0 gen0/s=0
09-06 15:37:22.418 12183 15891 I EmuShelfPerf: PERF layout=Grid crt=off path=grid sys=AllGames games=13 coverMiB=63.6 covers=163 evictions=781 decodes=948 coverSkipped=0 glfps=0 glRenderMaxMs=0.0 allocMB/s=0.0 gen0/s=0
09-06 15:37:23.418 12183 15891 I EmuShelfPerf: PERF layout=Grid crt=off path=grid sys=AllGames games=13 coverMiB=63.6 covers=163 evictions=781 decodes=948 coverSkipped=0 glfps=0 glRenderMaxMs=0.0 allocMB/s=0.0 gen0/s=0
09-06 15:37:24.419 12183 15891 I EmuShelfPerf: PERF layout=Grid crt=off path=grid sys=AllGames games=13 coverMiB=63.6 covers=163 evictions=781 decodes=948 coverSkipped=0 glfps=0 glRenderMaxMs=0.0 allocMB/s=0.0 gen0/s=0
09-06 15:37:25.419 12183 15891 I EmuShelfPerf: PERF layout=Grid crt=off path=grid sys=AllGames games=13 coverMiB=63.6 covers=163 evictions=781 decodes=948 coverSkipped=0 glfps=0 glRenderMaxMs=0.0 allocMB/s=0.0 gen0/s=0
09-06 15:37:26.419 12183 15891 I EmuShelfPerf: PERF layout=Grid crt=off path=grid sys=AllGames games=13 coverMiB=63.6 covers=163 evictions=781 decodes=948 coverSkipped=0 glfps=0 glRenderMaxMs=0.0 allocMB/s=0.0 gen0/s=0
09-06 15:37:27.420 12183 15891 I EmuShelfPerf: PERF layout=Grid crt=off path=grid sys=AllGames games=13 coverMiB=63.6 covers=163 evictions=781 decodes=948 coverSkipped=0 glfps=0 glRenderMaxMs=0.0 allocMB/s=0.0 gen0/s=0
09-06 15:37:28.417 12183 15891 I EmuShelfPerf: PERF layout=Grid crt=off path=grid sys=AllGames games=13 coverMiB=63.6 covers=163 evictions=781 decodes=948 coverSkipped=0 glfps=0 glRenderMaxMs=0.0 allocMB/s=0.0 gen0/s=0
09-06 15:37:29.417 12183 15891 I EmuShelfPerf: PERF layout=Grid crt=off path=grid sys=AllGames games=13 coverMiB=63.6 covers=163 evictions=781 decodes=948 coverSkipped=0 glfps=0 glRenderMaxMs=0.0 allocMB/s=0.0 gen0/s=0
09-06 15:37:30.418 12183 15891 I EmuShelfPerf: PERF layout=Grid crt=off path=grid sys=AllGames games=13 coverMiB=63.6 covers=163 evictions=781 decodes=948 coverSkipped=0 glfps=0 glRenderMaxMs=0.0 allocMB/s=0.0 gen0/s=0
09-06 15:37:31.418 12183 15891 I EmuShelfPerf: PERF layout=Grid crt=off path=grid sys=AllGames games=13 coverMiB=63.6 covers=163 evictions=781 decodes=948 coverSkipped=0 glfps=0 glRenderMaxMs=0.0 allocMB/s=0.0 gen0/s=0
09-06 15:37:32.419 12183 15891 I EmuShelfPerf: PERF layout=Grid crt=off path=grid sys=AllGames games=13 coverMiB=63.6 covers=163 evictions=781 decodes=948 coverSkipped=0 glfps=0 glRenderMaxMs=0.0 allocMB/s=0.0 gen0/s=0
09-06 15:37:33.419 12183 15891 I EmuShelfPerf: PERF layout=Grid crt=off path=grid sys=AllGames games=13 coverMiB=63.6 covers=163 evictions=781 decodes=948 coverSkipped=0 glfps=0 glRenderMaxMs=0.0 allocMB/s=0.0 gen0/s=0
09-06 15:37:34.419 12183 15891 I EmuShelfPerf: PERF layout=Grid crt=off path=grid sys=AllGames games=13 coverMiB=63.6 covers=163 evictions=781 decodes=948 coverSkipped=0 glfps=0 glRenderMaxMs=0.0 allocMB/s=0.0 gen0/s=0
09-06 15:37:35.420 12183 15891 I EmuShelfPerf: PERF layout=Grid crt=off path=grid sys=AllGames games=13 coverMiB=63.6 covers=163 evictions=781 decodes=948 coverSkipped=0 glfps=0 glRenderMaxMs=0.0 allocMB/s=0.0 gen0/s=0
09-06 15:37:36.420 12183 15891 I EmuShelfPerf: PERF layout=Grid crt=off path=grid sys=AllGames games=13 coverMiB=63.6 covers=163 evictions=781 decodes=948 coverSkipped=0 glfps=0 glRenderMaxMs=0.0 allocMB/s=0.0 gen0/s=0
09-06 15:37:37.421 12183 15891 I EmuShelfPerf: PERF layout=Grid crt=off path=grid sys=AllGames games=13 coverMiB=63.6 covers=163 evictions=781 decodes=948 coverSkipped=0 glfps=0 glRenderMaxMs=0.0 allocMB/s=0.0 gen0/s=0
09-06 15:37:38.417 12183 15891 I EmuShelfPerf: PERF layout=Grid crt=off path=grid sys=AllGames games=13 coverMiB=63.6 covers=163 evictions=781 decodes=948 coverSkipped=0 glfps=0 glRenderMaxMs=0.0 allocMB/s=0.0 gen0/s=0
09-06 15:37:39.417 12183 15891 I EmuShelfPerf: PERF layout=Grid crt=off path=grid sys=AllGames games=13 coverMiB=63.6 covers=163 evictions=781 decodes=948 coverSkipped=0 glfps=0 glRenderMaxMs=0.0 allocMB/s=0.0 gen0/s=0
09-06 15:37:40.418 12183 15891 I EmuShelfPerf: PERF layout=Grid crt=off path=grid sys=AllGames games=13 coverMiB=63.6 covers=163 evictions=781 decodes=948 coverSkipped=0 glfps=0 glRenderMaxMs=0.0 allocMB/s=0.0 gen0/s=0
09-06 15:37:41.418 12183 15891 I EmuShelfPerf: PERF layout=Grid crt=off path=grid sys=AllGames games=13 coverMiB=63.6 covers=163 evictions=781 decodes=948 coverSkipped=0 glfps=0 glRenderMaxMs=0.0 allocMB/s=0.0 gen0/s=0
09-06 15:37:42.418 12183 15891 I EmuShelfPerf: PERF layout=Grid crt=off path=grid sys=AllGames games=13 coverMiB=63.6 covers=163 evictions=781 decodes=948 coverSkipped=0 glfps=0 glRenderMaxMs=0.0 allocMB/s=0.0 gen0/s=0
09-06 15:37:43.419 12183 15891 I EmuShelfPerf: PERF layout=Grid crt=off path=grid sys=AllGames games=13 coverMiB=63.6 covers=163 evictions=781 decodes=948 coverSkipped=0 glfps=0 glRenderMaxMs=0.0 allocMB/s=0.0 gen0/s=0
09-06 15:37:44.419 12183 15891 I EmuShelfPerf: PERF layout=Grid crt=off path=grid sys=AllGames games=13 coverMiB=63.6 covers=163 evictions=781 decodes=948 coverSkipped=0 glfps=0 glRenderMaxMs=0.0 allocMB/s=0.0 gen0/s=0
09-06 15:37:44.775 12183 12183 I EmuShelfPerf: EVENT platform->Nintendo Entertainment System
09-06 15:37:44.818 12183 12183 I EmuShelfPerf: PROJECTION source=975 visible=975 background=True prepareMs=1.2 publishMs=26.8
09-06 15:37:44.879 12183 12183 I EmuShelfPerf: PROJECTION source=26 visible=26 background=False prepareMs=0.1 publishMs=24.4
09-06 15:37:44.987 12183 12183 I EmuShelfPerf: EVENT platform->Super Nintendo
09-06 15:37:45.150 12183 12183 I EmuShelfPerf: PROJECTION source=52 visible=52 background=False prepareMs=0.1 publishMs=28.8
09-06 15:37:45.198 12183 12183 I EmuShelfPerf: EVENT platform->Game Boy Color
09-06 15:37:45.271 12183 12183 I EmuShelfPerf: PROJECTION source=15 visible=15 background=False prepareMs=0.0 publishMs=24.4
09-06 15:37:45.418 12183 12183 I EmuShelfPerf: EVENT platform->Game Boy Advance
09-06 15:37:45.419 12183 16431 I EmuShelfPerf: PERF layout=Grid crt=off path=grid sys=Game Boy Advance games=15 coverMiB=63.7 covers=164 evictions=837 decodes=1009 coverSkipped=16 glfps=0 glRenderMaxMs=0.0 allocMB/s=11.3 gen0/s=1
09-06 15:37:45.447 12183 12183 I EmuShelfPerf: PROJECTION source=106 visible=106 background=False prepareMs=0.1 publishMs=25.7
09-06 15:37:45.657 12183 12183 I EmuShelfPerf: EVENT platform->GameCube
09-06 15:37:45.690 12183 12183 I EmuShelfPerf: PROJECTION source=26 visible=26 background=False prepareMs=0.1 publishMs=29.8
09-06 15:37:45.911 12183 12183 I EmuShelfPerf: EVENT platform->Nintendo DS
09-06 15:37:46.003 12183 12183 I EmuShelfPerf: PROJECTION source=131 visible=131 background=False prepareMs=0.1 publishMs=30.6
09-06 15:37:46.118 12183 12183 I EmuShelfPerf: EVENT platform->Wii
09-06 15:37:46.201 12183 12183 I EmuShelfPerf: PROJECTION source=78 visible=78 background=False prepareMs=0.1 publishMs=28.7
09-06 15:37:46.358 12183 12183 I EmuShelfPerf: EVENT platform->Nintendo 3DS
09-06 15:37:46.420 12183 15889 I EmuShelfPerf: PERF layout=Grid crt=off path=grid sys=Nintendo 3DS games=79 coverMiB=63.8 covers=161 evictions=917 decodes=1086 coverSkipped=16 glfps=0 glRenderMaxMs=0.0 allocMB/s=37.2 gen0/s=1
09-06 15:37:46.434 12183 12183 I EmuShelfPerf: PROJECTION source=79 visible=79 background=False prepareMs=0.1 publishMs=24.2
09-06 15:37:46.575 12183 12183 I EmuShelfPerf: EVENT platform->Mega Drive / Genesis
09-06 15:37:46.650 12183 12183 I EmuShelfPerf: PROJECTION source=42 visible=42 background=False prepareMs=0.1 publishMs=27.9
09-06 15:37:46.775 12183 12183 I EmuShelfPerf: EVENT platform->Dreamcast
09-06 15:37:46.851 12183 12183 I EmuShelfPerf: PROJECTION source=18 visible=18 background=False prepareMs=0.0 publishMs=24.4
09-06 15:37:46.990 12183 12183 I EmuShelfPerf: EVENT platform->PlayStation
09-06 15:37:47.068 12183 12183 I EmuShelfPerf: PROJECTION source=43 visible=43 background=False prepareMs=0.1 publishMs=23.8
09-06 15:37:47.202 12183 12183 I EmuShelfPerf: EVENT platform->PlayStation 2
09-06 15:37:47.284 12183 12183 I EmuShelfPerf: PROJECTION source=234 visible=234 background=False prepareMs=0.2 publishMs=28.3
09-06 15:37:47.412 12183 12183 I EmuShelfPerf: EVENT platform->PSP
09-06 15:37:47.421 12183 16428 I EmuShelfPerf: PERF layout=Grid crt=off path=grid sys=PSP games=234 coverMiB=63.7 covers=157 evictions=1009 decodes=1174 coverSkipped=16 glfps=0 glRenderMaxMs=0.0 allocMB/s=0.0 gen0/s=0
09-06 15:37:47.585 12183 12183 I EmuShelfPerf: PROJECTION source=65 visible=65 background=False prepareMs=0.1 publishMs=120.1
09-06 15:37:47.617 12183 12183 I EmuShelfPerf: EVENT platform->Arcade
09-06 15:37:47.684 12183 12183 I EmuShelfPerf: PROJECTION source=60 visible=60 background=False prepareMs=0.1 publishMs=15.8
09-06 15:37:47.826 12183 12183 I EmuShelfPerf: EVENT platform->(scope)
09-06 15:37:47.880 12183 12183 I EmuShelfPerf: PROJECTION source=975 visible=975 background=True prepareMs=1.2 publishMs=49.4
09-06 15:37:48.132 12183 12183 I EmuShelfPerf: EVENT platform->Arcade
09-06 15:37:48.169 12183 12183 I EmuShelfPerf: PROJECTION source=60 visible=60 background=False prepareMs=0.1 publishMs=26.6
09-06 15:37:48.348 12183 12183 I EmuShelfPerf: EVENT platform->PSP
09-06 15:37:48.365 12183 12183 I EmuShelfPerf: PROJECTION source=65 visible=65 background=False prepareMs=0.1 publishMs=14.0
09-06 15:37:48.418 12183 16429 I EmuShelfPerf: PERF layout=Grid crt=off path=grid sys=PSP games=65 coverMiB=64.0 covers=162 evictions=1112 decodes=1286 coverSkipped=35 glfps=0 glRenderMaxMs=0.0 allocMB/s=37.4 gen0/s=1
09-06 15:37:48.584 12183 12183 I EmuShelfPerf: EVENT platform->PlayStation 2
09-06 15:37:48.595 12183 12183 I EmuShelfPerf: PROJECTION source=234 visible=234 background=False prepareMs=0.2 publishMs=7.1
09-06 15:37:48.810 12183 12183 I EmuShelfPerf: EVENT platform->PlayStation
09-06 15:37:48.818 12183 12183 I EmuShelfPerf: PROJECTION source=43 visible=43 background=False prepareMs=0.1 publishMs=5.7
09-06 15:37:49.031 12183 12183 I EmuShelfPerf: EVENT platform->Dreamcast
09-06 15:37:49.040 12183 12183 I EmuShelfPerf: PROJECTION source=18 visible=18 background=False prepareMs=0.0 publishMs=5.7
09-06 15:37:49.250 12183 12183 I EmuShelfPerf: EVENT platform->Mega Drive / Genesis
09-06 15:37:49.280 12183 12183 I EmuShelfPerf: PROJECTION source=42 visible=42 background=False prepareMs=0.1 publishMs=27.0
09-06 15:37:49.418 12183 16461 I EmuShelfPerf: PERF layout=Grid crt=off path=grid sys=Mega Drive / Genesis games=42 coverMiB=64.0 covers=157 evictions=1135 decodes=1304 coverSkipped=35 glfps=0 glRenderMaxMs=0.0 allocMB/s=0.0 gen0/s=0
09-06 15:37:49.497 12183 12183 I EmuShelfPerf: EVENT platform->Nintendo 3DS
09-06 15:37:49.526 12183 12183 I EmuShelfPerf: PROJECTION source=79 visible=79 background=False prepareMs=0.1 publishMs=26.7
09-06 15:37:49.746 12183 12183 I EmuShelfPerf: EVENT platform->Wii
09-06 15:37:49.863 12183 12183 I EmuShelfPerf: PROJECTION source=78 visible=78 background=False prepareMs=0.1 publishMs=114.3
09-06 15:37:50.079 12183 12183 I EmuShelfPerf: EVENT platform->Nintendo DS
09-06 15:37:50.107 12183 12183 I EmuShelfPerf: PROJECTION source=131 visible=131 background=False prepareMs=0.1 publishMs=25.1
09-06 15:37:50.320 12183 12183 I EmuShelfPerf: EVENT platform->GameCube
09-06 15:37:50.351 12183 12183 I EmuShelfPerf: PROJECTION source=26 visible=26 background=False prepareMs=0.1 publishMs=27.7
09-06 15:37:50.421 12183 16461 I EmuShelfPerf: PERF layout=Grid crt=off path=grid sys=GameCube games=26 coverMiB=63.9 covers=152 evictions=1206 decodes=1374 coverSkipped=35 glfps=0 glRenderMaxMs=0.0 allocMB/s=37.0 gen0/s=1
09-06 15:37:50.572 12183 12183 I EmuShelfPerf: EVENT platform->Game Boy Advance
09-06 15:37:50.606 12183 12183 I EmuShelfPerf: PROJECTION source=106 visible=106 background=False prepareMs=0.1 publishMs=30.7
09-06 15:37:50.823 12183 12183 I EmuShelfPerf: EVENT platform->Game Boy Color
09-06 15:37:50.850 12183 12183 I EmuShelfPerf: PROJECTION source=15 visible=15 background=False prepareMs=0.0 publishMs=24.4
09-06 15:37:51.068 12183 12183 I EmuShelfPerf: EVENT platform->Super Nintendo
09-06 15:37:51.101 12183 12183 I EmuShelfPerf: PROJECTION source=52 visible=52 background=False prepareMs=0.1 publishMs=29.9
09-06 15:37:51.318 12183 12183 I EmuShelfPerf: EVENT platform->Nintendo Entertainment System
09-06 15:37:51.348 12183 12183 I EmuShelfPerf: PROJECTION source=26 visible=26 background=False prepareMs=0.0 publishMs=27.1
09-06 15:37:51.418 12183 16461 I EmuShelfPerf: PERF layout=Grid crt=off path=grid sys=Nintendo Entertainment System games=26 coverMiB=63.7 covers=161 evictions=1274 decodes=1448 coverSkipped=35 glfps=0 glRenderMaxMs=0.0 allocMB/s=0.0 gen0/s=0
09-06 15:37:51.562 12183 12183 I EmuShelfPerf: EVENT platform->(scope)
09-06 15:37:51.690 12183 12183 I EmuShelfPerf: PROJECTION source=975 visible=975 background=True prepareMs=1.5 publishMs=123.7
09-06 15:37:52.418 12183 16459 I EmuShelfPerf: PERF layout=Grid crt=off path=grid sys=AllGames games=975 coverMiB=63.9 covers=168 evictions=1326 decodes=1506 coverSkipped=35 glfps=0 glRenderMaxMs=0.0 allocMB/s=33.1 gen0/s=1
09-06 15:37:53.419 12183 16461 I EmuShelfPerf: PERF layout=Grid crt=off path=grid sys=AllGames games=975 coverMiB=63.9 covers=168 evictions=1326 decodes=1506 coverSkipped=35 glfps=0 glRenderMaxMs=0.0 allocMB/s=0.0 gen0/s=0
09-06 15:37:54.421 12183 16461 I EmuShelfPerf: PERF layout=Grid crt=off path=grid sys=AllGames games=975 coverMiB=63.9 covers=168 evictions=1326 decodes=1506 coverSkipped=35 glfps=0 glRenderMaxMs=0.0 allocMB/s=0.0 gen0/s=0
09-06 15:37:55.417 12183 16461 I EmuShelfPerf: PERF layout=Grid crt=off path=grid sys=AllGames games=975 coverMiB=63.9 covers=168 evictions=1326 decodes=1506 coverSkipped=35 glfps=0 glRenderMaxMs=0.0 allocMB/s=0.0 gen0/s=0
09-06 15:37:56.418 12183 16461 I EmuShelfPerf: PERF layout=Grid crt=off path=grid sys=AllGames games=975 coverMiB=63.9 covers=168 evictions=1326 decodes=1506 coverSkipped=35 glfps=0 glRenderMaxMs=0.0 allocMB/s=0.0 gen0/s=0
09-06 15:37:57.418 12183 16461 I EmuShelfPerf: PERF layout=Grid crt=off path=grid sys=AllGames games=975 coverMiB=63.9 covers=168 evictions=1326 decodes=1506 coverSkipped=35 glfps=0 glRenderMaxMs=0.0 allocMB/s=0.0 gen0/s=0
09-06 15:37:58.419 12183 16461 I EmuShelfPerf: PERF layout=Grid crt=off path=grid sys=AllGames games=975 coverMiB=63.9 covers=168 evictions=1326 decodes=1506 coverSkipped=35 glfps=0 glRenderMaxMs=0.0 allocMB/s=0.0 gen0/s=0
09-06 15:37:59.419 12183 16461 I EmuShelfPerf: PERF layout=Grid crt=off path=grid sys=AllGames games=975 coverMiB=63.9 covers=168 evictions=1326 decodes=1506 coverSkipped=35 glfps=0 glRenderMaxMs=0.0 allocMB/s=0.0 gen0/s=0
09-06 15:38:00.420 12183 16461 I EmuShelfPerf: PERF layout=Grid crt=off path=grid sys=AllGames games=975 coverMiB=63.9 covers=168 evictions=1326 decodes=1506 coverSkipped=35 glfps=0 glRenderMaxMs=0.0 allocMB/s=0.0 gen0/s=0
09-06 15:38:01.421 12183 16461 I EmuShelfPerf: PERF layout=Grid crt=off path=grid sys=AllGames games=975 coverMiB=63.9 covers=168 evictions=1326 decodes=1506 coverSkipped=35 glfps=0 glRenderMaxMs=0.0 allocMB/s=0.0 gen0/s=0
09-06 15:38:02.417 12183 16461 I EmuShelfPerf: PERF layout=Grid crt=off path=grid sys=AllGames games=975 coverMiB=63.9 covers=168 evictions=1326 decodes=1506 coverSkipped=35 glfps=0 glRenderMaxMs=0.0 allocMB/s=0.0 gen0/s=0
09-06 15:38:03.417 12183 16461 I EmuShelfPerf: PERF layout=Grid crt=off path=grid sys=AllGames games=975 coverMiB=63.9 covers=168 evictions=1326 decodes=1506 coverSkipped=35 glfps=0 glRenderMaxMs=0.0 allocMB/s=0.0 gen0/s=0
09-06 15:38:04.418 12183 16461 I EmuShelfPerf: PERF layout=Grid crt=off path=grid sys=AllGames games=975 coverMiB=63.9 covers=168 evictions=1326 decodes=1506 coverSkipped=35 glfps=0 glRenderMaxMs=0.0 allocMB/s=0.0 gen0/s=0
09-06 15:38:05.418 12183 16461 I EmuShelfPerf: PERF layout=Grid crt=off path=grid sys=AllGames games=975 coverMiB=63.9 covers=168 evictions=1326 decodes=1506 coverSkipped=35 glfps=0 glRenderMaxMs=0.0 allocMB/s=0.0 gen0/s=0
09-06 15:38:06.419 12183 16461 I EmuShelfPerf: PERF layout=Grid crt=off path=grid sys=AllGames games=975 coverMiB=63.9 covers=168 evictions=1326 decodes=1506 coverSkipped=35 glfps=0 glRenderMaxMs=0.0 allocMB/s=0.0 gen0/s=0
09-06 15:38:07.420 12183 16461 I EmuShelfPerf: PERF layout=Grid crt=off path=grid sys=AllGames games=975 coverMiB=63.9 covers=168 evictions=1326 decodes=1506 coverSkipped=35 glfps=0 glRenderMaxMs=0.0 allocMB/s=0.0 gen0/s=0
09-06 15:38:08.420 12183 16461 I EmuShelfPerf: PERF layout=Grid crt=off path=grid sys=AllGames games=975 coverMiB=63.9 covers=168 evictions=1326 decodes=1506 coverSkipped=35 glfps=0 glRenderMaxMs=0.0 allocMB/s=0.0 gen0/s=0
09-06 15:38:09.421 12183 16461 I EmuShelfPerf: PERF layout=Grid crt=off path=grid sys=AllGames games=975 coverMiB=63.9 covers=168 evictions=1326 decodes=1506 coverSkipped=35 glfps=0 glRenderMaxMs=0.0 allocMB/s=0.0 gen0/s=0
09-06 15:38:10.421 12183 16461 I EmuShelfPerf: PERF layout=Grid crt=off path=grid sys=AllGames games=975 coverMiB=63.9 covers=168 evictions=1326 decodes=1506 coverSkipped=35 glfps=0 glRenderMaxMs=0.0 allocMB/s=0.0 gen0/s=0
09-06 15:38:11.418 12183 16461 I EmuShelfPerf: PERF layout=Grid crt=off path=grid sys=AllGames games=975 coverMiB=63.9 covers=168 evictions=1326 decodes=1506 coverSkipped=35 glfps=0 glRenderMaxMs=0.0 allocMB/s=0.0 gen0/s=0
09-06 15:38:12.418 12183 16461 I EmuShelfPerf: PERF layout=Grid crt=off path=grid sys=AllGames games=975 coverMiB=63.9 covers=168 evictions=1326 decodes=1506 coverSkipped=35 glfps=0 glRenderMaxMs=0.0 allocMB/s=25.3 gen0/s=0
09-06 15:38:13.419 12183 16461 I EmuShelfPerf: PERF layout=Grid crt=off path=grid sys=AllGames games=975 coverMiB=63.9 covers=168 evictions=1326 decodes=1506 coverSkipped=35 glfps=0 glRenderMaxMs=0.0 allocMB/s=0.0 gen0/s=0
09-06 15:38:14.419 12183 16461 I EmuShelfPerf: PERF layout=Grid crt=off path=grid sys=AllGames games=975 coverMiB=63.9 covers=168 evictions=1326 decodes=1506 coverSkipped=35 glfps=0 glRenderMaxMs=0.0 allocMB/s=0.0 gen0/s=0
09-06 15:38:15.419 12183 16461 I EmuShelfPerf: PERF layout=Grid crt=off path=grid sys=AllGames games=975 coverMiB=63.9 covers=168 evictions=1326 decodes=1506 coverSkipped=35 glfps=0 glRenderMaxMs=0.0 allocMB/s=0.0 gen0/s=0
09-06 15:38:16.420 12183 16461 I EmuShelfPerf: PERF layout=Grid crt=off path=grid sys=AllGames games=975 coverMiB=63.9 covers=168 evictions=1326 decodes=1506 coverSkipped=35 glfps=0 glRenderMaxMs=0.0 allocMB/s=0.0 gen0/s=0
09-06 15:38:17.421 12183 16461 I EmuShelfPerf: PERF layout=Grid crt=off path=grid sys=AllGames games=975 coverMiB=63.9 covers=168 evictions=1326 decodes=1506 coverSkipped=35 glfps=0 glRenderMaxMs=0.0 allocMB/s=0.0 gen0/s=0
09-06 15:38:18.421 12183 16461 I EmuShelfPerf: PERF layout=Grid crt=off path=grid sys=AllGames games=975 coverMiB=63.9 covers=168 evictions=1326 decodes=1506 coverSkipped=35 glfps=0 glRenderMaxMs=0.0 allocMB/s=0.0 gen0/s=0
09-06 15:38:19.417 12183 16461 I EmuShelfPerf: PERF layout=Grid crt=off path=grid sys=AllGames games=975 coverMiB=63.9 covers=168 evictions=1326 decodes=1506 coverSkipped=35 glfps=0 glRenderMaxMs=0.0 allocMB/s=0.0 gen0/s=0
09-06 15:38:20.418 12183 16461 I EmuShelfPerf: PERF layout=Grid crt=off path=grid sys=AllGames games=975 coverMiB=63.9 covers=168 evictions=1326 decodes=1506 coverSkipped=35 glfps=0 glRenderMaxMs=0.0 allocMB/s=0.0 gen0/s=0
09-06 15:38:21.418 12183 16461 I EmuShelfPerf: PERF layout=Grid crt=off path=grid sys=AllGames games=975 coverMiB=63.9 covers=168 evictions=1326 decodes=1506 coverSkipped=35 glfps=0 glRenderMaxMs=0.0 allocMB/s=0.0 gen0/s=0
09-06 15:38:22.419 12183 16461 I EmuShelfPerf: PERF layout=Grid crt=off path=grid sys=AllGames games=975 coverMiB=63.9 covers=168 evictions=1326 decodes=1506 coverSkipped=35 glfps=0 glRenderMaxMs=0.0 allocMB/s=0.0 gen0/s=0
09-06 15:38:23.419 12183 16461 I EmuShelfPerf: PERF layout=Grid crt=off path=grid sys=AllGames games=975 coverMiB=63.9 covers=168 evictions=1326 decodes=1506 coverSkipped=35 glfps=0 glRenderMaxMs=0.0 allocMB/s=0.0 gen0/s=0
09-06 15:38:24.420 12183 16461 I EmuShelfPerf: PERF layout=Grid crt=off path=grid sys=AllGames games=975 coverMiB=63.9 covers=168 evictions=1326 decodes=1506 coverSkipped=35 glfps=0 glRenderMaxMs=0.0 allocMB/s=0.0 gen0/s=0
09-06 15:38:25.421 12183 16461 I EmuShelfPerf: PERF layout=Grid crt=off path=grid sys=AllGames games=975 coverMiB=63.9 covers=168 evictions=1326 decodes=1506 coverSkipped=35 glfps=0 glRenderMaxMs=0.0 allocMB/s=0.0 gen0/s=0
09-06 15:38:26.417 12183 16461 I EmuShelfPerf: PERF layout=Grid crt=off path=grid sys=AllGames games=975 coverMiB=63.9 covers=168 evictions=1326 decodes=1506 coverSkipped=35 glfps=0 glRenderMaxMs=0.0 allocMB/s=0.0 gen0/s=0
09-06 15:38:27.417 12183 16461 I EmuShelfPerf: PERF layout=Grid crt=off path=grid sys=AllGames games=975 coverMiB=63.9 covers=168 evictions=1326 decodes=1506 coverSkipped=35 glfps=0 glRenderMaxMs=0.0 allocMB/s=0.0 gen0/s=0
09-06 15:38:28.418 12183 16461 I EmuShelfPerf: PERF layout=Grid crt=off path=grid sys=AllGames games=975 coverMiB=63.9 covers=168 evictions=1326 decodes=1506 coverSkipped=35 glfps=0 glRenderMaxMs=0.0 allocMB/s=0.0 gen0/s=0
09-06 15:38:29.418 12183 16461 I EmuShelfPerf: PERF layout=Grid crt=off path=grid sys=AllGames games=975 coverMiB=63.9 covers=168 evictions=1326 decodes=1506 coverSkipped=35 glfps=0 glRenderMaxMs=0.0 allocMB/s=0.0 gen0/s=0
09-06 15:38:30.419 12183 16461 I EmuShelfPerf: PERF layout=Grid crt=off path=grid sys=AllGames games=975 coverMiB=63.9 covers=168 evictions=1326 decodes=1506 coverSkipped=35 glfps=0 glRenderMaxMs=0.0 allocMB/s=0.0 gen0/s=0
09-06 15:38:31.420 12183 16461 I EmuShelfPerf: PERF layout=Grid crt=off path=grid sys=AllGames games=975 coverMiB=63.9 covers=168 evictions=1326 decodes=1506 coverSkipped=35 glfps=0 glRenderMaxMs=0.0 allocMB/s=0.0 gen0/s=0
09-06 15:38:32.420 12183 16461 I EmuShelfPerf: PERF layout=Grid crt=off path=grid sys=AllGames games=975 coverMiB=63.9 covers=168 evictions=1326 decodes=1506 coverSkipped=35 glfps=0 glRenderMaxMs=0.0 allocMB/s=0.0 gen0/s=0
09-06 15:38:33.420 12183 16461 I EmuShelfPerf: PERF layout=Grid crt=off path=grid sys=AllGames games=975 coverMiB=63.9 covers=168 evictions=1326 decodes=1506 coverSkipped=35 glfps=0 glRenderMaxMs=0.0 allocMB/s=0.0 gen0/s=0
09-06 15:38:34.421 12183 16461 I EmuShelfPerf: PERF layout=Grid crt=off path=grid sys=AllGames games=975 coverMiB=63.9 covers=168 evictions=1326 decodes=1506 coverSkipped=35 glfps=0 glRenderMaxMs=0.0 allocMB/s=0.0 gen0/s=0
09-06 15:38:35.417 12183 16461 I EmuShelfPerf: PERF layout=Grid crt=off path=grid sys=AllGames games=975 coverMiB=63.9 covers=168 evictions=1326 decodes=1506 coverSkipped=35 glfps=0 glRenderMaxMs=0.0 allocMB/s=0.0 gen0/s=0
09-06 15:38:36.418 12183 16461 I EmuShelfPerf: PERF layout=Grid crt=off path=grid sys=AllGames games=975 coverMiB=63.9 covers=168 evictions=1326 decodes=1506 coverSkipped=35 glfps=0 glRenderMaxMs=0.0 allocMB/s=0.0 gen0/s=0
09-06 15:38:37.418 12183 16461 I EmuShelfPerf: PERF layout=Grid crt=off path=grid sys=AllGames games=975 coverMiB=63.9 covers=168 evictions=1326 decodes=1506 coverSkipped=35 glfps=0 glRenderMaxMs=0.0 allocMB/s=0.0 gen0/s=0
09-06 15:38:38.419 12183 16461 I EmuShelfPerf: PERF layout=Grid crt=off path=grid sys=AllGames games=975 coverMiB=63.9 covers=168 evictions=1326 decodes=1506 coverSkipped=35 glfps=0 glRenderMaxMs=0.0 allocMB/s=0.0 gen0/s=0
09-06 15:38:39.419 12183 16461 I EmuShelfPerf: PERF layout=Grid crt=off path=grid sys=AllGames games=975 coverMiB=63.9 covers=168 evictions=1326 decodes=1506 coverSkipped=35 glfps=0 glRenderMaxMs=0.0 allocMB/s=0.0 gen0/s=0
09-06 15:38:40.420 12183 16461 I EmuShelfPerf: PERF layout=Grid crt=off path=grid sys=AllGames games=975 coverMiB=63.9 covers=168 evictions=1326 decodes=1506 coverSkipped=35 glfps=0 glRenderMaxMs=0.0 allocMB/s=0.0 gen0/s=0
